Archive member included to satisfy reference by file (symbol)

c:/program files (x86)/atmel/studio/7.0/toolchain/avr8/avr8-gnu-toolchain/bin/../lib/gcc/avr/5.4.0/../../../../avr/lib/avr51\libm.a(addsf3.o)
                              Libraria/function.o (__subsf3)
c:/program files (x86)/atmel/studio/7.0/toolchain/avr8/avr8-gnu-toolchain/bin/../lib/gcc/avr/5.4.0/../../../../avr/lib/avr51\libm.a(addsf3x.o)
                              c:/program files (x86)/atmel/studio/7.0/toolchain/avr8/avr8-gnu-toolchain/bin/../lib/gcc/avr/5.4.0/../../../../avr/lib/avr51\libm.a(addsf3.o) (__addsf3x)
c:/program files (x86)/atmel/studio/7.0/toolchain/avr8/avr8-gnu-toolchain/bin/../lib/gcc/avr/5.4.0/../../../../avr/lib/avr51\libm.a(cmpsf2.o)
                              Libraria/znpid.o (__ltsf2)
c:/program files (x86)/atmel/studio/7.0/toolchain/avr8/avr8-gnu-toolchain/bin/../lib/gcc/avr/5.4.0/../../../../avr/lib/avr51\libm.a(divsf3.o)
                              Libraria/znpid.o (__divsf3)
c:/program files (x86)/atmel/studio/7.0/toolchain/avr8/avr8-gnu-toolchain/bin/../lib/gcc/avr/5.4.0/../../../../avr/lib/avr51\libm.a(divsf3x.o)
                              c:/program files (x86)/atmel/studio/7.0/toolchain/avr8/avr8-gnu-toolchain/bin/../lib/gcc/avr/5.4.0/../../../../avr/lib/avr51\libm.a(divsf3.o) (__divsf3x)
c:/program files (x86)/atmel/studio/7.0/toolchain/avr8/avr8-gnu-toolchain/bin/../lib/gcc/avr/5.4.0/../../../../avr/lib/avr51\libm.a(fixsfsi.o)
                              Libraria/function.o (__fixsfsi)
c:/program files (x86)/atmel/studio/7.0/toolchain/avr8/avr8-gnu-toolchain/bin/../lib/gcc/avr/5.4.0/../../../../avr/lib/avr51\libm.a(fixunssfsi.o)
                              c:/program files (x86)/atmel/studio/7.0/toolchain/avr8/avr8-gnu-toolchain/bin/../lib/gcc/avr/5.4.0/../../../../avr/lib/avr51\libm.a(fixsfsi.o) (__fixunssfsi)
c:/program files (x86)/atmel/studio/7.0/toolchain/avr8/avr8-gnu-toolchain/bin/../lib/gcc/avr/5.4.0/../../../../avr/lib/avr51\libm.a(floatsisf.o)
                              main.o (__floatunsisf)
c:/program files (x86)/atmel/studio/7.0/toolchain/avr8/avr8-gnu-toolchain/bin/../lib/gcc/avr/5.4.0/../../../../avr/lib/avr51\libm.a(fp_cmp.o)
                              c:/program files (x86)/atmel/studio/7.0/toolchain/avr8/avr8-gnu-toolchain/bin/../lib/gcc/avr/5.4.0/../../../../avr/lib/avr51\libm.a(cmpsf2.o) (__fp_cmp)
c:/program files (x86)/atmel/studio/7.0/toolchain/avr8/avr8-gnu-toolchain/bin/../lib/gcc/avr/5.4.0/../../../../avr/lib/avr51\libm.a(fp_inf.o)
                              c:/program files (x86)/atmel/studio/7.0/toolchain/avr8/avr8-gnu-toolchain/bin/../lib/gcc/avr/5.4.0/../../../../avr/lib/avr51\libm.a(addsf3x.o) (__fp_inf)
c:/program files (x86)/atmel/studio/7.0/toolchain/avr8/avr8-gnu-toolchain/bin/../lib/gcc/avr/5.4.0/../../../../avr/lib/avr51\libm.a(fp_nan.o)
                              c:/program files (x86)/atmel/studio/7.0/toolchain/avr8/avr8-gnu-toolchain/bin/../lib/gcc/avr/5.4.0/../../../../avr/lib/avr51\libm.a(addsf3x.o) (__fp_nan)
c:/program files (x86)/atmel/studio/7.0/toolchain/avr8/avr8-gnu-toolchain/bin/../lib/gcc/avr/5.4.0/../../../../avr/lib/avr51\libm.a(fp_pscA.o)
                              c:/program files (x86)/atmel/studio/7.0/toolchain/avr8/avr8-gnu-toolchain/bin/../lib/gcc/avr/5.4.0/../../../../avr/lib/avr51\libm.a(addsf3x.o) (__fp_pscA)
c:/program files (x86)/atmel/studio/7.0/toolchain/avr8/avr8-gnu-toolchain/bin/../lib/gcc/avr/5.4.0/../../../../avr/lib/avr51\libm.a(fp_pscB.o)
                              c:/program files (x86)/atmel/studio/7.0/toolchain/avr8/avr8-gnu-toolchain/bin/../lib/gcc/avr/5.4.0/../../../../avr/lib/avr51\libm.a(addsf3x.o) (__fp_pscB)
c:/program files (x86)/atmel/studio/7.0/toolchain/avr8/avr8-gnu-toolchain/bin/../lib/gcc/avr/5.4.0/../../../../avr/lib/avr51\libm.a(fp_round.o)
                              c:/program files (x86)/atmel/studio/7.0/toolchain/avr8/avr8-gnu-toolchain/bin/../lib/gcc/avr/5.4.0/../../../../avr/lib/avr51\libm.a(addsf3.o) (__fp_round)
c:/program files (x86)/atmel/studio/7.0/toolchain/avr8/avr8-gnu-toolchain/bin/../lib/gcc/avr/5.4.0/../../../../avr/lib/avr51\libm.a(fp_split3.o)
                              c:/program files (x86)/atmel/studio/7.0/toolchain/avr8/avr8-gnu-toolchain/bin/../lib/gcc/avr/5.4.0/../../../../avr/lib/avr51\libm.a(addsf3x.o) (__fp_split3)
c:/program files (x86)/atmel/studio/7.0/toolchain/avr8/avr8-gnu-toolchain/bin/../lib/gcc/avr/5.4.0/../../../../avr/lib/avr51\libm.a(fp_zero.o)
                              c:/program files (x86)/atmel/studio/7.0/toolchain/avr8/avr8-gnu-toolchain/bin/../lib/gcc/avr/5.4.0/../../../../avr/lib/avr51\libm.a(addsf3x.o) (__fp_zero)
c:/program files (x86)/atmel/studio/7.0/toolchain/avr8/avr8-gnu-toolchain/bin/../lib/gcc/avr/5.4.0/../../../../avr/lib/avr51\libm.a(gesf2.o)
                              Libraria/znpid.o (__gtsf2)
[...]
Memory Configuration

Name             Origin             Length             Attributes
text             0x00000000         0x00020000         xr
data             0x00800100         0x0000ff00         rw !x
eeprom           0x00810000         0x00010000         rw !x
fuse             0x00820000         0x00000003         rw !x
lock             0x00830000         0x00000400         rw !x
signature        0x00840000         0x00000400         rw !x
user_signatures  0x00850000         0x00000400         rw !x
*default*        0x00000000         0xffffffff

Linker script and memory map

Address of section .data set to 0x800100
LOAD C:/Program Files (x86)/Atmel/Studio/7.0/Packs/atmel/ATmega_DFP/1.3.300/gcc/dev/atmega128/avr51/crtatmega128.o
LOAD Libraria/74hc595.o
LOAD Libraria/atmega128analog.o
LOAD Libraria/atmega128i2c.o
LOAD Libraria/atmega128timer.o
LOAD Libraria/atmega128uart.o
LOAD Libraria/clock.o
LOAD Libraria/eeprom.o
LOAD Libraria/function.o
LOAD Libraria/keypad.o
LOAD Libraria/lcd.o
LOAD Libraria/lfsm.o
LOAD Libraria/mm74c923.o
LOAD Libraria/pcf8563rtc.o
LOAD Libraria/rotenc.o
LOAD Libraria/znpid.o
LOAD main.o
START GROUP
LOAD c:/program files (x86)/atmel/studio/7.0/toolchain/avr8/avr8-gnu-toolchain/bin/../lib/gcc/avr/5.4.0/../../../../avr/lib/avr51\libm.a
END GROUP
START GROUP
LOAD c:/program files (x86)/atmel/studio/7.0/toolchain/avr8/avr8-gnu-toolchain/bin/../lib/gcc/avr/5.4.0/avr51\libgcc.a
LOAD c:/program files (x86)/atmel/studio/7.0/toolchain/avr8/avr8-gnu-toolchain/bin/../lib/gcc/avr/5.4.0/../../../../avr/lib/avr51\libm.a
LOAD c:/program files (x86)/atmel/studio/7.0/toolchain/avr8/avr8-gnu-toolchain/bin/../lib/gcc/avr/5.4.0/../../../../avr/lib/avr51\libc.a
LOAD C:/Program Files (x86)/Atmel/Studio/7.0/Packs/atmel/ATmega_DFP/1.3.300/gcc/dev/atmega128/avr51\libatmega128.a
END GROUP
                0x00000000                __TEXT_REGION_ORIGIN__ = DEFINED (__TEXT_REGION_ORIGIN__)?__TEXT_REGION_ORIGIN__:0x0
                0x00800100                __DATA_REGION_ORIGIN__ = DEFINED (__DATA_REGION_ORIGIN__)?__DATA_REGION_ORIGIN__:0x800100
                0x00020000                __TEXT_REGION_LENGTH__ = DEFINED (__TEXT_REGION_LENGTH__)?__TEXT_REGION_LENGTH__:0x20000
                0x0000ff00                __DATA_REGION_LENGTH__ = DEFINED (__DATA_REGION_LENGTH__)?__DATA_REGION_LENGTH__:0xff00
                0x00010000                __EEPROM_REGION_LENGTH__ = DEFINED (__EEPROM_REGION_LENGTH__)?__EEPROM_REGION_LENGTH__:0x10000
                [0x00000003]                __FUSE_REGION_LENGTH__ = DEFINED (__FUSE_REGION_LENGTH__)?__FUSE_REGION_LENGTH__:0x400
                0x00000400                __LOCK_REGION_LENGTH__ = DEFINED (__LOCK_REGION_LENGTH__)?__LOCK_REGION_LENGTH__:0x400
                0x00000400                __SIGNATURE_REGION_LENGTH__ = DEFINED (__SIGNATURE_REGION_LENGTH__)?__SIGNATURE_REGION_LENGTH__:0x400
                0x00000400                __USER_SIGNATURE_REGION_LENGTH__ = DEFINED (__USER_SIGNATURE_REGION_LENGTH__)?__USER_SIGNATURE_REGION_LENGTH__:0x400

.hash
 *(.hash)

.dynsym
 *(.dynsym)

.dynstr
 *(.dynstr)

.gnu.version
 *(.gnu.version)

.gnu.version_d
 *(.gnu.version_d)

.gnu.version_r
 *(.gnu.version_r)

.rel.init
 *(.rel.init)

.rela.init
 *(.rela.init)

.rel.text
 *(.rel.text)
 *(.rel.text.*)
 *(.rel.gnu.linkonce.t*)

.rela.text
 *(.rela.text)
 *(.rela.text.*)
 *(.rela.gnu.linkonce.t*)

.rel.fini
 *(.rel.fini)

.rela.fini
 *(.rela.fini)

.rel.rodata
 *(.rel.rodata)
 *(.rel.rodata.*)
 *(.rel.gnu.linkonce.r*)

.rela.rodata
 *(.rela.rodata)
 *(.rela.rodata.*)
 *(.rela.gnu.linkonce.r*)

.rel.data
 *(.rel.data)
 *(.rel.data.*)
 *(.rel.gnu.linkonce.d*)

.rela.data
 *(.rela.data)
 *(.rela.data.*)
 *(.rela.gnu.linkonce.d*)

.rel.ctors
 *(.rel.ctors)

.rela.ctors
 *(.rela.ctors)

.rel.dtors
 *(.rel.dtors)

.rela.dtors
 *(.rela.dtors)

.rel.got
 *(.rel.got)

.rela.got
 *(.rela.got)

.rel.bss
 *(.rel.bss)

.rela.bss
 *(.rela.bss)

.rel.plt
 *(.rel.plt)

.rela.plt
 *(.rela.plt)

.text           0x00000000     0x35de
 *(.vectors)
 .vectors       0x00000000       0x8c C:/Program Files (x86)/Atmel/Studio/7.0/Packs/atmel/ATmega_DFP/1.3.300/gcc/dev/atmega128/avr51/crtatmega128.o
                0x00000000                __vector_default
                0x00000000                __vectors
 *(.vectors)
 *(.progmem.gcc*)
 .progmem.gcc_sw_table.TIMER_COUNTER1enable
                0x0000008c       0x36 Libraria/atmega128timer.o
 .progmem.gcc_fplib
                0x000000c2       0x28 c:/program files (x86)/atmel/studio/7.0/toolchain/avr8/avr8-gnu-toolchain/bin/../lib/gcc/avr/5.4.0/../../../../avr/lib/avr51\libm.a(exp.o)
 .progmem.gcc_fplib
                0x000000ea       0x5a c:/program files (x86)/atmel/studio/7.0/toolchain/avr8/avr8-gnu-toolchain/bin/../lib/gcc/avr/5.4.0/../../../../avr/lib/avr51\libm.a(log.o)
                0x00000144                . = ALIGN (0x2)
                0x00000144                __trampolines_start = .
 *(.trampolines)
 .trampolines   0x00000144        0x0 linker stubs
 *(.trampolines*)
                0x00000144                __trampolines_end = .
 *libprintf_flt.a:*(.progmem.data)
 *libc.a:*(.progmem.data)
 *(.progmem*)
                0x00000144                . = ALIGN (0x2)
 *(.jumptables)
 *(.jumptables*)
 *(.lowtext)
 *(.lowtext*)
                0x00000144                __ctors_start = .
 *(.ctors)
                0x00000144                __ctors_end = .
                0x00000144                __dtors_start = .
 *(.dtors)
                0x00000144                __dtors_end = .
 SORT(*)(.ctors)
 SORT(*)(.dtors)
 *(.init0)
 .init0         0x00000144        0x0 C:/Program Files (x86)/Atmel/Studio/7.0/Packs/atmel/ATmega_DFP/1.3.300/gcc/dev/atmega128/avr51/crtatmega128.o
                0x00000144                __init
 *(.init0)
 *(.init1)
 *(.init1)
 *(.init2)
 .init2         0x00000144        0xc C:/Program Files (x86)/Atmel/Studio/7.0/Packs/atmel/ATmega_DFP/1.3.300/gcc/dev/atmega128/avr51/crtatmega128.o
 *(.init2)
 *(.init3)
 *(.init3)
 *(.init4)
 .init4         0x00000150       0x1a c:/program files (x86)/atmel/studio/7.0/toolchain/avr8/avr8-gnu-toolchain/bin/../lib/gcc/avr/5.4.0/avr51\libgcc.a(_copy_data.o)
                0x00000150                __do_copy_data
 .init4         0x0000016a       0x10 c:/program files (x86)/atmel/studio/7.0/toolchain/avr8/avr8-gnu-toolchain/bin/../lib/gcc/avr/5.4.0/avr51\libgcc.a(_clear_bss.o)
                0x0000016a                __do_clear_bss
 *(.init4)
 *(.init5)
 *(.init5)
 *(.init6)
 *(.init6)
 *(.init7)
 *(.init7)
 *(.init8)
 *(.init8)
 *(.init9)
 .init9         0x0000017a        0x8 C:/Program Files (x86)/Atmel/Studio/7.0/Packs/atmel/ATmega_DFP/1.3.300/gcc/dev/atmega128/avr51/crtatmega128.o
 *(.init9)
 *(.text)
 .text          0x00000182        0x2 C:/Program Files (x86)/Atmel/Studio/7.0/Packs/atmel/ATmega_DFP/1.3.300/gcc/dev/atmega128/avr51/crtatmega128.o
                0x00000182                __vector_22
                0x00000182                __vector_1
                0x00000182                __vector_32
                0x00000182                __vector_34
                0x00000182                __bad_interrupt
                0x00000182                __vector_6
                0x00000182                __vector_3
                0x00000182                __vector_23
                0x00000182                __vector_17
                0x00000182                __vector_7
                0x00000182                __vector_5
                0x00000182                __vector_33
                0x00000182                __vector_4
                0x00000182                __vector_9
                0x00000182                __vector_2
                0x00000182                __vector_8
                0x00000182                __vector_20
                0x00000184                . = ALIGN (0x2)
 *(.text.*)
 .text.HC595_shift_bit
                0x00000184       0x8a Libraria/74hc595.o
                0x00000184                HC595_shift_bit
 .text.HC595_shift_out
                0x0000020e       0x42 Libraria/74hc595.o
                0x0000020e                HC595_shift_out
 .text.HC595_shift_byte
                0x00000250       0x3c Libraria/74hc595.o
                0x00000250                HC595_shift_byte
 .text.HC595enable
                0x0000028c       0xb2 Libraria/74hc595.o
                0x0000028c                HC595enable
 .text.ANALOG_read
                0x0000033e       0x14 Libraria/atmega128analog.o
                0x0000033e                ANALOG_read
 .text.ANALOGenable
                0x00000352      0x12c Libraria/atmega128analog.o
                0x00000352                ANALOGenable
 .text.__vector_21
                0x0000047e      0x11c Libraria/atmega128analog.o
                0x0000047e                __vector_21
 .text.TIMER_COUNTER0_start
                0x0000059a       0x8a Libraria/atmega128timer.o
                0x0000059a                TIMER_COUNTER0_start
 .text.TIMER_COUNTER0_compoutmode
                0x00000624       0x2a Libraria/atmega128timer.o
                0x00000624                TIMER_COUNTER0_compoutmode
 .text.TIMER_COUNTER0_compare
                0x0000064e        0x4 Libraria/atmega128timer.o
                0x0000064e                TIMER_COUNTER0_compare
 .text.TIMER_COUNTER0_stop
                0x00000652        0xe Libraria/atmega128timer.o
                0x00000652                TIMER_COUNTER0_stop
 .text.TIMER_COUNTER1_start
                0x00000660       0x8e Libraria/atmega128timer.o
                0x00000660                TIMER_COUNTER1_start
 .text.TIMER_COUNTER1_compoutmodeA
                0x000006ee       0x2a Libraria/atmega128timer.o
                0x000006ee                TIMER_COUNTER1_compoutmodeA
 .text.TIMER_COUNTER1_compoutmodeB
                0x00000718       0x2a Libraria/atmega128timer.o
                0x00000718                TIMER_COUNTER1_compoutmodeB
 .text.TIMER_COUNTER1_compoutmodeC
                0x00000742       0x2a Libraria/atmega128timer.o
                0x00000742                TIMER_COUNTER1_compoutmodeC
 .text.TIMER_COUNTER1_compareA
                0x0000076c        0x6 Libraria/atmega128timer.o
                0x0000076c                TIMER_COUNTER1_compareA
 .text.TIMER_COUNTER1_compareB
                0x00000772        0x6 Libraria/atmega128timer.o
                0x00000772                TIMER_COUNTER1_compareB
 .text.TIMER_COUNTER1_compareC
                0x00000778        0xa Libraria/atmega128timer.o
                0x00000778                TIMER_COUNTER1_compareC
 .text.TIMER_COUNTER1_stop
                0x00000782       0x10 Libraria/atmega128timer.o
                0x00000782                TIMER_COUNTER1_stop
 .text.TIMER_COUNTER0enable
                0x00000792       0x84 Libraria/atmega128timer.o
                0x00000792                TIMER_COUNTER0enable
 .text.TIMER_COUNTER1enable
                0x00000816      0x1ec Libraria/atmega128timer.o
                0x00000816                TIMER_COUNTER1enable
 .text.__vector_16
                0x00000a02       0x14 Libraria/atmega128timer.o
                0x00000a02                __vector_16
 .text.__vector_11
                0x00000a16       0x14 Libraria/atmega128timer.o
                0x00000a16                __vector_11
 .text.__vector_12
                0x00000a2a       0x14 Libraria/atmega128timer.o
                0x00000a2a                __vector_12
 .text.__vector_13
                0x00000a3e       0x14 Libraria/atmega128timer.o
                0x00000a3e                __vector_13
 .text.__vector_24
                0x00000a52       0x14 Libraria/atmega128timer.o
                0x00000a52                __vector_24
 .text.__vector_14
                0x00000a66       0x14 Libraria/atmega128timer.o
                0x00000a66                __vector_14
 .text.__vector_10
                0x00000a7a       0x14 Libraria/atmega128timer.o
                0x00000a7a                __vector_10
 .text.__vector_25
                0x00000a8e       0x14 Libraria/atmega128timer.o
                0x00000a8e                __vector_25
 .text.__vector_26
                0x00000aa2       0x14 Libraria/atmega128timer.o
                0x00000aa2                __vector_26
 .text.__vector_27
                0x00000ab6       0x14 Libraria/atmega128timer.o
                0x00000ab6                __vector_27
 .text.__vector_28
                0x00000aca       0x14 Libraria/atmega128timer.o
                0x00000aca                __vector_28
 .text.__vector_29
                0x00000ade       0x14 Libraria/atmega128timer.o
                0x00000ade                __vector_29
 .text.__vector_18
                0x00000af2       0x6c Libraria/atmega128uart.o
                0x00000af2                __vector_18
 .text.__vector_19
                0x00000b5e       0x52 Libraria/atmega128uart.o
                0x00000b5e                __vector_19
 .text.__vector_30
                0x00000bb0       0x72 Libraria/atmega128uart.o
                0x00000bb0                __vector_30
 .text.__vector_31
                0x00000c22       0x5c Libraria/atmega128uart.o
                0x00000c22                __vector_31
 .text.FUNCpinmatch
                0x00000c7e       0x14 Libraria/function.o
                0x00000c7e                FUNCpinmatch
 .text.FUNChmerge
                0x00000c92        0x4 Libraria/function.o
                0x00000c92                FUNChmerge
 .text.FUNClmerge
                0x00000c96        0x4 Libraria/function.o
                0x00000c96                FUNClmerge
 .text.FUNChh   0x00000c9a        0x4 Libraria/function.o
                0x00000c9a                FUNChh
 .text.FUNCll   0x00000c9e        0x6 Libraria/function.o
                0x00000c9e                FUNCll
 .text.FUNClh   0x00000ca4        0x6 Libraria/function.o
                0x00000ca4                FUNClh
 .text.FUNChl   0x00000caa        0x6 Libraria/function.o
                0x00000caa                FUNChl
 .text.FUNCdiff
                0x00000cb0        0x4 Libraria/function.o
                0x00000cb0                FUNCdiff
 .text.FUNCswap
                0x00000cb4       0x42 Libraria/function.o
                0x00000cb4                FUNCswap
 .text.FUNCcopy
                0x00000cf6       0x1c Libraria/function.o
                0x00000cf6                FUNCcopy
 .text.FUNCsqueeze
                0x00000d12       0x44 Libraria/function.o
                0x00000d12                FUNCsqueeze
 .text.FUNCshellsort
                0x00000d56      0x14c Libraria/function.o
                0x00000d56                FUNCshellsort
 .text.FUNCpmax
                0x00000ea2        0xa Libraria/function.o
                0x00000ea2                FUNCpmax
 .text.FUNCgcd  0x00000eac       0x1e Libraria/function.o
                0x00000eac                FUNCgcd
 .text.FUNCstrToInt
                0x00000eca       0x48 Libraria/function.o
                0x00000eca                FUNCstrToInt
 .text.FUNCfilter
                0x00000f12        0x4 Libraria/function.o
                0x00000f12                FUNCfilter
 .text.FUNCticks
                0x00000f16       0x14 Libraria/function.o
                0x00000f16                FUNCticks
 .text.FUNCtwocomptoint8bit
                0x00000f2a       0x1a Libraria/function.o
                0x00000f2a                FUNCtwocomptoint8bit
 .text.FUNCtwocomptoint10bit
                0x00000f44       0x18 Libraria/function.o
                0x00000f44                FUNCtwocomptoint10bit
 .text.FUNCtwocomptointnbit
                0x00000f5c       0x30 Libraria/function.o
                0x00000f5c                FUNCtwocomptointnbit
 .text.FUNCdec2bcd
                0x00000f8c       0x26 Libraria/function.o
                0x00000f8c                FUNCdec2bcd
 .text.FUNCbcd2dec
                0x00000fb2       0x16 Libraria/function.o
                0x00000fb2                FUNCbcd2dec
 .text.FUNCresizestr
                0x00000fc8       0x5a Libraria/function.o
                0x00000fc8                FUNCresizestr
 .text.FUNCtrimmer
                0x00001022       0x82 Libraria/function.o
                0x00001022                FUNCtrimmer
 .text.Pwr      0x000010a4       0x36 Libraria/function.o
                0x000010a4                Pwr
 .text.StringLength
                0x000010da       0x1e Libraria/function.o
                0x000010da                StringLength
 .text.FUNCtrim
                0x000010f8       0x36 Libraria/function.o
                0x000010f8                FUNCtrim
 .text.Reverse  0x0000112e       0x3a Libraria/function.o
                0x0000112e                Reverse
 .text.FUNCi32toa
                0x00001168       0xb6 Libraria/function.o
                0x00001168                FUNCi32toa
 .text.FUNCi16toa
                0x0000121e       0x72 Libraria/function.o
                0x0000121e                FUNCi16toa
 .text.FUNCui16toa
                0x00001290       0x7c Libraria/function.o
                0x00001290                FUNCui16toa
 .text.FUNCbcd2bin
                0x0000130c       0x16 Libraria/function.o
                0x0000130c                FUNCbcd2bin
 .text.FUNCbin2bcd
                0x00001322       0x42 Libraria/function.o
                0x00001322                FUNCbin2bcd
 .text.FUNCgcd1
                0x00001364       0xa0 Libraria/function.o
                0x00001364                FUNCgcd1
 .text.FUNCpincheck
                0x00001404       0x10 Libraria/function.o
                0x00001404                FUNCpincheck
 .text.FUNCprint_binary
                0x00001414       0x2c Libraria/function.o
                0x00001414                FUNCprint_binary
 .text.FUNCmayia
                0x00001440       0x46 Libraria/function.o
                0x00001440                FUNCmayia
 .text.FUNCenable
                0x00001486      0x15a Libraria/function.o
                0x00001486                FUNCenable
 .text.FUNCreverse
                0x000015e0       0x2e Libraria/function.o
                0x000015e0                FUNCreverse
 .text.FUNCintToStr
                0x0000160e       0x82 Libraria/function.o
                0x0000160e                FUNCintToStr
 .text.FUNCftoa
                0x00001690       0xce Libraria/function.o
                0x00001690                FUNCftoa
 .text.KEYPAD_get
                0x0000175e       0x40 Libraria/keypad.o
                0x0000175e                KEYPAD_get
 .text.KEYPAD_flush
                0x0000179e       0x1a Libraria/keypad.o
                0x0000179e                KEYPAD_flush
 .text.KEYPAD_getkey
                0x000017b8      0x25a Libraria/keypad.o
                0x000017b8                KEYPAD_getkey
 .text.KEYPAD_read
                0x00001a12       0xb2 Libraria/keypad.o
                0x00001a12                KEYPAD_read
 .text.KEYPADenable
                0x00001ac4       0xb6 Libraria/keypad.o
                0x00001ac4                KEYPADenable
 .text.LCD0_write
                0x00001b7a      0x188 Libraria/lcd.o
                0x00001b7a                LCD0_write
 .text.LCD0_read
                0x00001d02       0xf6 Libraria/lcd.o
                0x00001d02                LCD0_read
 .text.LCD0_BF  0x00001df8       0x24 Libraria/lcd.o
                0x00001df8                LCD0_BF
 .text.LCD0_putch
                0x00001e1c        0xa Libraria/lcd.o
                0x00001e1c                LCD0_putch
 .text.LCD0_getch
                0x00001e26       0x12 Libraria/lcd.o
                0x00001e26                LCD0_getch
 .text.LCD0_string
                0x00001e38       0x22 Libraria/lcd.o
                0x00001e38                LCD0_string
 .text.LCD0_string_size
                0x00001e5a       0x5e Libraria/lcd.o
                0x00001e5a                LCD0_string_size
 .text.LCD0_hspace
                0x00001eb8       0x1a Libraria/lcd.o
                0x00001eb8                LCD0_hspace
 .text.LCD0_gotoxy
                0x00001ed2       0x4e Libraria/lcd.o
                0x00001ed2                LCD0_gotoxy
 .text.LCD0_clear
                0x00001f20       0x16 Libraria/lcd.o
                0x00001f20                LCD0_clear
 .text.LCD0_inic
                0x00001f36       0x8c Libraria/lcd.o
                0x00001f36                LCD0_inic
 .text.LCD0enable
                0x00001fc2       0xae Libraria/lcd.o
                0x00001fc2                LCD0enable
 .text.LCD0_reboot
                0x00002070       0x22 Libraria/lcd.o
                0x00002070                LCD0_reboot
 .text.ZNPID_set_kc
                0x00002092        0xc Libraria/znpid.o
                0x00002092                ZNPID_set_kc
 .text.ZNPID_set_ki
                0x0000209e        0xc Libraria/znpid.o
                0x0000209e                ZNPID_set_ki
 .text.ZNPID_set_kd
                0x000020aa        0xc Libraria/znpid.o
                0x000020aa                ZNPID_set_kd
 .text.ZNPID_set_SP
                0x000020b6        0xc Libraria/znpid.o
                0x000020b6                ZNPID_set_SP
 .text.ZNPIDenable
                0x000020c2       0x98 Libraria/znpid.o
                0x000020c2                ZNPIDenable
 .text.integral
                0x0000215a       0x72 Libraria/znpid.o
                0x0000215a                integral
 .text.ZNPID_output
                0x000021cc      0x238 Libraria/znpid.o
                0x000021cc                ZNPID_output
 .text.PORTINIT
                0x00002404       0x12 main.o
                0x00002404                PORTINIT
 .text.main     0x00002416      0x82a main.o
                0x00002416                main
 .text.__vector_15
                0x00002c40      0x130 main.o
                0x00002c40                __vector_15
 .text.avr-libc.fplib
                0x00002d70        0xa c:/program files (x86)/atmel/studio/7.0/toolchain/avr8/avr8-gnu-toolchain/bin/../lib/gcc/avr/5.4.0/../../../../avr/lib/avr51\libm.a(addsf3.o)
                0x00002d70                __subsf3
                0x00002d72                __addsf3
 .text.avr-libc.fplib
                0x00002d7a       0xc0 c:/program files (x86)/atmel/studio/7.0/toolchain/avr8/avr8-gnu-toolchain/bin/../lib/gcc/avr/5.4.0/../../../../avr/lib/avr51\libm.a(addsf3x.o)
                0x00002d94                __addsf3x
 .text.avr-libc.fplib
                0x00002e3a        0x8 c:/program files (x86)/atmel/studio/7.0/toolchain/avr8/avr8-gnu-toolchain/bin/../lib/gcc/avr/5.4.0/../../../../avr/lib/avr51\libm.a(cmpsf2.o)
                0x00002e3a                __nesf2
                0x00002e3a                __eqsf2
                0x00002e3a                __cmpsf2
                0x00002e3a                __ltsf2
                0x00002e3a                __lesf2
 .text.avr-libc.fplib
                0x00002e42        0x4 c:/program files (x86)/atmel/studio/7.0/toolchain/avr8/avr8-gnu-toolchain/bin/../lib/gcc/avr/5.4.0/../../../../avr/lib/avr51\libm.a(divsf3.o)
                0x00002e42                __divsf3
 .text.avr-libc.fplib
                0x00002e46       0xcc c:/program files (x86)/atmel/studio/7.0/toolchain/avr8/avr8-gnu-toolchain/bin/../lib/gcc/avr/5.4.0/../../../../avr/lib/avr51\libm.a(divsf3x.o)
                0x00002e5c                __divsf3x
                0x00002e60                __divsf3_pse
 .text.avr-libc.fplib
                0x00002f12        0xa c:/program files (x86)/atmel/studio/7.0/toolchain/avr8/avr8-gnu-toolchain/bin/../lib/gcc/avr/5.4.0/../../../../avr/lib/avr51\libm.a(fixsfsi.o)
                0x00002f12                __fixsfsi
 .text.avr-libc.fplib
                0x00002f1c       0x58 c:/program files (x86)/atmel/studio/7.0/toolchain/avr8/avr8-gnu-toolchain/bin/../lib/gcc/avr/5.4.0/../../../../avr/lib/avr51\libm.a(fixunssfsi.o)
                0x00002f1c                __fixunssfsi
 .text.avr-libc.fplib
                0x00002f74       0x7a c:/program files (x86)/atmel/studio/7.0/toolchain/avr8/avr8-gnu-toolchain/bin/../lib/gcc/avr/5.4.0/../../../../avr/lib/avr51\libm.a(floatsisf.o)
                0x00002f74                __floatunsisf
                0x00002f78                __floatsisf
 .text.avr-libc.fplib
                0x00002fee       0x48 c:/program files (x86)/atmel/studio/7.0/toolchain/avr8/avr8-gnu-toolchain/bin/../lib/gcc/avr/5.4.0/../../../../avr/lib/avr51\libm.a(fp_cmp.o)
                0x00002fee                __fp_cmp
 .text.avr-libc.fplib
                0x00003036        0xc c:/program files (x86)/atmel/studio/7.0/toolchain/avr8/avr8-gnu-toolchain/bin/../lib/gcc/avr/5.4.0/../../../../avr/lib/avr51\libm.a(fp_inf.o)
                0x00003036                __fp_inf
 .text.avr-libc.fplib
                0x00003042        0x6 c:/program files (x86)/atmel/studio/7.0/toolchain/avr8/avr8-gnu-toolchain/bin/../lib/gcc/avr/5.4.0/../../../../avr/lib/avr51\libm.a(fp_nan.o)
                0x00003042                __fp_nan
 .text.avr-libc.fplib
                0x00003048        0xe c:/program files (x86)/atmel/studio/7.0/toolchain/avr8/avr8-gnu-toolchain/bin/../lib/gcc/avr/5.4.0/../../../../avr/lib/avr51\libm.a(fp_pscA.o)
                0x00003048                __fp_pscA
 .text.avr-libc.fplib
                0x00003056        0xe c:/program files (x86)/atmel/studio/7.0/toolchain/avr8/avr8-gnu-toolchain/bin/../lib/gcc/avr/5.4.0/../../../../avr/lib/avr51\libm.a(fp_pscB.o)
                0x00003056                __fp_pscB
 .text.avr-libc.fplib
                0x00003064       0x22 c:/program files (x86)/atmel/studio/7.0/toolchain/avr8/avr8-gnu-toolchain/bin/../lib/gcc/avr/5.4.0/../../../../avr/lib/avr51\libm.a(fp_round.o)
                0x00003064                __fp_round
 .text.avr-libc.fplib
                0x00003086       0x44 c:/program files (x86)/atmel/studio/7.0/toolchain/avr8/avr8-gnu-toolchain/bin/../lib/gcc/avr/5.4.0/../../../../avr/lib/avr51\libm.a(fp_split3.o)
                0x00003086                __fp_split3
                0x00003096                __fp_splitA
 .text.avr-libc.fplib
                0x000030ca        0xe c:/program files (x86)/atmel/studio/7.0/toolchain/avr8/avr8-gnu-toolchain/bin/../lib/gcc/avr/5.4.0/../../../../avr/lib/avr51\libm.a(fp_zero.o)
                0x000030ca                __fp_zero
                0x000030cc                __fp_szero
 .text.avr-libc.fplib
                0x000030d8        0x8 c:/program files (x86)/atmel/studio/7.0/toolchain/avr8/avr8-gnu-toolchain/bin/../lib/gcc/avr/5.4.0/../../../../avr/lib/avr51\libm.a(gesf2.o)
                0x000030d8                __gesf2
                0x000030d8                __gtsf2
 .text.avr-libc.fplib
                0x000030e0        0x4 c:/program files (x86)/atmel/studio/7.0/toolchain/avr8/avr8-gnu-toolchain/bin/../lib/gcc/avr/5.4.0/../../../../avr/lib/avr51\libm.a(mulsf3.o)
                0x000030e0                __mulsf3
 .text.avr-libc.fplib
                0x000030e4       0xc2 c:/program files (x86)/atmel/studio/7.0/toolchain/avr8/avr8-gnu-toolchain/bin/../lib/gcc/avr/5.4.0/../../../../avr/lib/avr51\libm.a(mulsf3x.o)
                0x000030f8                __mulsf3x
                0x000030fc                __mulsf3_pse
 .text.avr-libc.fplib
                0x000031a6       0x98 c:/program files (x86)/atmel/studio/7.0/toolchain/avr8/avr8-gnu-toolchain/bin/../lib/gcc/avr/5.4.0/../../../../avr/lib/avr51\libm.a(pow.o)
                0x000031a6                pow
 .text.avr-libc.fplib
                0x0000323e       0x62 c:/program files (x86)/atmel/studio/7.0/toolchain/avr8/avr8-gnu-toolchain/bin/../lib/gcc/avr/5.4.0/../../../../avr/lib/avr51\libm.a(exp.o)
                0x00003248                exp
 .text.avr-libc.fplib
                0x000032a0       0x4a c:/program files (x86)/atmel/studio/7.0/toolchain/avr8/avr8-gnu-toolchain/bin/../lib/gcc/avr/5.4.0/../../../../avr/lib/avr51\libm.a(fp_powser.o)
                0x000032a0                __fp_powser
 .text.avr-libc.fplib
                0x000032ea        0xe c:/program files (x86)/atmel/studio/7.0/toolchain/avr8/avr8-gnu-toolchain/bin/../lib/gcc/avr/5.4.0/../../../../avr/lib/avr51\libm.a(inverse.o)
                0x000032ea                inverse
 .text.avr-libc.fplib
                0x000032f8       0x6c c:/program files (x86)/atmel/studio/7.0/toolchain/avr8/avr8-gnu-toolchain/bin/../lib/gcc/avr/5.4.0/../../../../avr/lib/avr51\libm.a(ldexp.o)
                0x000032fc                ldexp
 .text.avr-libc.fplib
                0x00003364       0x8a c:/program files (x86)/atmel/studio/7.0/toolchain/avr8/avr8-gnu-toolchain/bin/../lib/gcc/avr/5.4.0/../../../../avr/lib/avr51\libm.a(log.o)
                0x0000336e                log
 .text.avr-libc.fplib
                0x000033ee       0x66 c:/program files (x86)/atmel/studio/7.0/toolchain/avr8/avr8-gnu-toolchain/bin/../lib/gcc/avr/5.4.0/../../../../avr/lib/avr51\libm.a(modf.o)
                0x000033ee                modf
                0x000033ee                modff
 .text.avr-libc.fplib
                0x00003454       0x1c c:/program files (x86)/atmel/studio/7.0/toolchain/avr8/avr8-gnu-toolchain/bin/../lib/gcc/avr/5.4.0/../../../../avr/lib/avr51\libm.a(fp_mpack.o)
                0x00003454                __fp_mpack
                0x00003458                __fp_mpack_finite
 .text.libgcc.mul
                0x00003470       0x1e c:/program files (x86)/atmel/studio/7.0/toolchain/avr8/avr8-gnu-toolchain/bin/../lib/gcc/avr/5.4.0/avr51\libgcc.a(_mulsi3.o)
                0x00003470                __mulsi3
 .text.libgcc.div
                0x0000348e       0x28 c:/program files (x86)/atmel/studio/7.0/toolchain/avr8/avr8-gnu-toolchain/bin/../lib/gcc/avr/5.4.0/avr51\libgcc.a(_udivmodhi4.o)
                0x0000348e                __udivmodhi4
 .text.libgcc.div
                0x000034b6       0x26 c:/program files (x86)/atmel/studio/7.0/toolchain/avr8/avr8-gnu-toolchain/bin/../lib/gcc/avr/5.4.0/avr51\libgcc.a(_divmodhi4.o)
                0x000034b6                _div
                0x000034b6                __divmodhi4
 .text.libgcc.div
                0x000034dc       0x44 c:/program files (x86)/atmel/studio/7.0/toolchain/avr8/avr8-gnu-toolchain/bin/../lib/gcc/avr/5.4.0/avr51\libgcc.a(_udivmodsi4.o)
                0x000034dc                __udivmodsi4
 .text.libgcc.div
                0x00003520       0x28 c:/program files (x86)/atmel/studio/7.0/toolchain/avr8/avr8-gnu-toolchain/bin/../lib/gcc/avr/5.4.0/avr51\libgcc.a(_divmodsi4.o)
                0x00003520                __divmodsi4
 .text.libgcc.div
                0x00003548       0x10 c:/program files (x86)/atmel/studio/7.0/toolchain/avr8/avr8-gnu-toolchain/bin/../lib/gcc/avr/5.4.0/avr51\libgcc.a(_negsi2.o)
                0x00003548                __negsi2
 .text.libgcc   0x00003558       0x12 c:/program files (x86)/atmel/studio/7.0/toolchain/avr8/avr8-gnu-toolchain/bin/../lib/gcc/avr/5.4.0/avr51\libgcc.a(_tablejump2.o)
                0x00003558                __tablejump2__
 .text.libgcc.mul
                0x0000356a       0x1e c:/program files (x86)/atmel/studio/7.0/toolchain/avr8/avr8-gnu-toolchain/bin/../lib/gcc/avr/5.4.0/avr51\libgcc.a(_umulhisi3.o)
                0x0000356a                __umulhisi3
 .text.libgcc.mul
                0x00003588       0x14 c:/program files (x86)/atmel/studio/7.0/toolchain/avr8/avr8-gnu-toolchain/bin/../lib/gcc/avr/5.4.0/avr51\libgcc.a(_muluhisi3.o)
                0x00003588                __muluhisi3
 .text.avr-libc
                0x0000359c       0x12 c:/program files (x86)/atmel/studio/7.0/toolchain/avr8/avr8-gnu-toolchain/bin/../lib/gcc/avr/5.4.0/../../../../avr/lib/avr51\libc.a(strcmp.o)
                0x0000359c                strcmp
 .text.avr-libc
                0x000035ae        0xe c:/program files (x86)/atmel/studio/7.0/toolchain/avr8/avr8-gnu-toolchain/bin/../lib/gcc/avr/5.4.0/../../../../avr/lib/avr51\libc.a(strcpy.o)
                0x000035ae                strcpy
 .text.avr-libc
                0x000035bc       0x1e c:/program files (x86)/atmel/studio/7.0/toolchain/avr8/avr8-gnu-toolchain/bin/../lib/gcc/avr/5.4.0/../../../../avr/lib/avr51\libc.a(strncpy.o)
                0x000035bc                strncpy
                0x000035da                . = ALIGN (0x2)
 *(.fini9)
 .fini9         0x000035da        0x0 c:/program files (x86)/atmel/studio/7.0/toolchain/avr8/avr8-gnu-toolchain/bin/../lib/gcc/avr/5.4.0/avr51\libgcc.a(_exit.o)
                0x000035da                _exit
                0x000035da                exit
 *(.fini9)
 *(.fini8)
 *(.fini8)
 *(.fini7)
 *(.fini7)
 *(.fini6)
 *(.fini6)
 *(.fini5)
 *(.fini5)
 *(.fini4)
 *(.fini4)
 *(.fini3)
 *(.fini3)
 *(.fini2)
 *(.fini2)
 *(.fini1)
 *(.fini1)
 *(.fini0)
 .fini0         0x000035da        0x4 c:/program files (x86)/atmel/studio/7.0/toolchain/avr8/avr8-gnu-toolchain/bin/../lib/gcc/avr/5.4.0/avr51\libgcc.a(_exit.o)
 *(.fini0)
                0x000035de                _etext = .

.data           0x00800100       0x54 load address 0x000035de
                0x00800100                PROVIDE (__data_start, .)
 *(.data)
 *(.data*)
 .data.keypadvalue
                0x00800100       0x10 Libraria/keypad.o
                0x00800100                keypadvalue
 *(.gnu.linkonce.d*)
 *(.rodata)
 .rodata        0x00800110        0x2 Libraria/keypad.o
 *(.rodata*)
 .rodata.str1.1
                0x00800112       0x42 main.o
 *(.gnu.linkonce.r*)
                0x00800154                . = ALIGN (0x2)
                0x00800154                _edata = .
                0x00800154                PROVIDE (__data_end, .)

.bss            0x00800154      0x2fa
                0x00800154                PROVIDE (__bss_start, .)
 *(.bss)
 *(.bss*)
 .bss.adc_n_sample
                0x00800154        0x1 Libraria/atmega128analog.o
 .bss.adc_tmp   0x00800155        0x2 Libraria/atmega128analog.o
 .bss.adc_sample
                0x00800157        0x2 Libraria/atmega128analog.o
 .bss.ADC_SELECTOR
                0x00800159        0x2 Libraria/atmega128analog.o
 .bss.ADC_N_CHANNEL
                0x0080015b        0x2 Libraria/atmega128analog.o
 .bss.ADC_CHANNEL_GAIN
                0x0080015d       0x10 Libraria/atmega128analog.o
 .bss.ADC_VALUE
                0x0080016d       0x10 Libraria/atmega128analog.o
 .bss.ptr       0x0080017d        0x2 main.o
                0x0080017d                ptr
 .bss.increment
                0x0080017f        0x1 main.o
                0x0080017f                increment
 .bss.count     0x00800180        0x1 main.o
                0x00800180                count
 *(COMMON)
 COMMON         0x00800181        0x7 Libraria/74hc595.o
                0x00800181                hc595_DDR
                0x00800183                hc595_PORT
                0x00800185                HC595_datapin
                0x00800186                HC595_outpin
                0x00800187                HC595_clkpin
 COMMON         0x00800188        0x4 Libraria/atmega128timer.o
                0x00800188                timer1_state
                0x00800189                timer3_state
                0x0080018a                timer2_state
                0x0080018b                timer0_state
 COMMON         0x0080018c      0x18d Libraria/atmega128uart.o
                0x0080018c                uart_msg
                0x008001cc                UART_TxHead
                0x008001cd                UART_LastRxError
                0x008001ce                UART1_TxTail
                0x008001cf                UART1_RxBuf
                0x0080020f                uart1_index
                0x00800211                UART_TxTail
                0x00800212                UART1_RxHead
                0x00800213                UART1_LastRxError
                0x00800214                UART1_TxHead
                0x00800215                uart1_msg
                0x00800255                uart_index
                0x00800256                UART1_TxBuf
                0x00800296                UART_TxBuf
                0x008002d6                UART_RxHead
                0x008002d7                UART_RxTail
                0x008002d8                UART1_RxTail
                0x008002d9                UART_RxBuf
 COMMON         0x00800319       0x15 Libraria/function.o
                0x00800319                FUNCstr
 COMMON         0x0080032e       0x25 Libraria/keypad.o
                0x0080032e                keypad_PORT
                0x00800330                KEYPAD_char
                0x00800331                keypad_dataf
                0x00800335                keypad_datai
                0x00800339                KEYPADSTRINGINDEX
                0x0080033a                keypad_PIN
                0x0080033c                keypad_DDR
                0x0080033e                KEYPAD_string
 COMMON         0x00800353        0xe Libraria/lcd.o
                0x00800353                lcd0_PIN
                0x00800355                lcd1_DDR
                0x00800357                lcd1_detect
                0x00800358                lcd1_PIN
                0x0080035a                lcd0_DDR
                0x0080035c                lcd0_detect
                0x0080035d                lcd0_PORT
                0x0080035f                lcd1_PORT
 COMMON         0x00800361       0x21 Libraria/lfsm.o
                0x00800361                tmp2
                0x0080036c                data
                0x00800377                tmp1
 COMMON         0x00800382        0x4 Libraria/znpid.o
                0x00800382                tmp
 COMMON         0x00800386       0xc8 main.o
                0x00800386                shift
                0x0080038c                function
                0x008003d8                pid_out_2
                0x008003dc                adcvalue
                0x008003de                pid_1
                0x00800414                pid_2
                0x0080044a                pid_out_1
                0x0080044e                PROVIDE (__bss_end, .)
                0x000035de                __data_load_start = LOADADDR (.data)
                0x00003632                __data_load_end = (__data_load_start + SIZEOF (.data))

.noinit         0x0080044e        0x0
                [!provide]                PROVIDE (__noinit_start, .)
 *(.noinit*)
                [!provide]                PROVIDE (__noinit_end, .)
                0x0080044e                _end = .
                [!provide]                PROVIDE (__heap_start, .)

.eeprom         0x00810000        0x0
 *(.eeprom*)
                0x00810000                __eeprom_end = .

.fuse
 *(.fuse)
 *(.lfuse)
 *(.hfuse)
 *(.efuse)

.lock
 *(.lock*)

.signature
 *(.signature*)

.user_signatures
 *(.user_signatures*)

.stab
 *(.stab)

.stabstr
 *(.stabstr)

.stab.excl
 *(.stab.excl)

.stab.exclstr
 *(.stab.exclstr)

.stab.index
 *(.stab.index)

.stab.indexstr
 *(.stab.indexstr)

.comment        0x00000000       0x30
 *(.comment)
 .comment       0x00000000       0x30 Libraria/74hc595.o
                                 0x31 (size before relaxing)
 .comment       0x00000030       0x31 Libraria/atmega128analog.o
 .comment       0x00000030       0x31 Libraria/atmega128timer.o
 .comment       0x00000030       0x31 Libraria/atmega128uart.o
 .comment       0x00000030       0x31 Libraria/function.o
 .comment       0x00000030       0x31 Libraria/keypad.o
 .comment       0x00000030       0x31 Libraria/lcd.o
 .comment       0x00000030       0x31 Libraria/lfsm.o
 .comment       0x00000030       0x31 Libraria/znpid.o
 .comment       0x00000030       0x31 main.o

.note.gnu.avr.deviceinfo
                0x00000000       0x3c
 .note.gnu.avr.deviceinfo
                0x00000000       0x3c C:/Program Files (x86)/Atmel/Studio/7.0/Packs/atmel/ATmega_DFP/1.3.300/gcc/dev/atmega128/avr51/crtatmega128.o

.note.gnu.build-id
 *(.note.gnu.build-id)

.debug
 *(.debug)

.line
 *(.line)

.debug_srcinfo
 *(.debug_srcinfo)

.debug_sfnames
 *(.debug_sfnames)

.debug_aranges  0x00000000      0x670
 *(.debug_aranges)
 .debug_aranges
                0x00000000       0x38 Libraria/74hc595.o
 .debug_aranges
                0x00000038       0x30 Libraria/atmega128analog.o
 .debug_aranges
                0x00000068      0x158 Libraria/atmega128timer.o
 .debug_aranges
                0x000001c0       0xc8 Libraria/atmega128uart.o
 .debug_aranges
                0x00000288      0x170 Libraria/function.o
 .debug_aranges
                0x000003f8       0x50 Libraria/keypad.o
 .debug_aranges
                0x00000448      0x100 Libraria/lcd.o
 .debug_aranges
                0x00000548       0x88 Libraria/lfsm.o
 .debug_aranges
                0x000005d0       0x70 Libraria/znpid.o
 .debug_aranges
                0x00000640       0x30 main.o

.debug_pubnames
 *(.debug_pubnames)

.debug_info     0x00000000     0x7764
 *(.debug_info .gnu.linkonce.wi.*)
 .debug_info    0x00000000      0x780 C:/Program Files (x86)/Atmel/Studio/7.0/Packs/atmel/ATmega_DFP/1.3.300/gcc/dev/atmega128/avr51/crtatmega128.o
 .debug_info    0x00000780      0x23b Libraria/74hc595.o
 .debug_info    0x000009bb      0x26e Libraria/atmega128analog.o
 .debug_info    0x00000c29      0x924 Libraria/atmega128timer.o
 .debug_info    0x0000154d      0x8cc Libraria/atmega128uart.o
 .debug_info    0x00001e19     0x1408 Libraria/function.o
 .debug_info    0x00003221      0x4ea Libraria/keypad.o
 .debug_info    0x0000370b     0x119c Libraria/lcd.o
 .debug_info    0x000048a7      0xfaf Libraria/lfsm.o
 .debug_info    0x00005856      0x630 Libraria/znpid.o
 .debug_info    0x00005e86     0x18de main.o

.debug_abbrev   0x00000000     0x1cf4
 *(.debug_abbrev)
 .debug_abbrev  0x00000000      0x718 C:/Program Files (x86)/Atmel/Studio/7.0/Packs/atmel/ATmega_DFP/1.3.300/gcc/dev/atmega128/avr51/crtatmega128.o
 .debug_abbrev  0x00000718      0x15a Libraria/74hc595.o
 .debug_abbrev  0x00000872      0x136 Libraria/atmega128analog.o
 .debug_abbrev  0x000009a8      0x189 Libraria/atmega128timer.o
 .debug_abbrev  0x00000b31      0x309 Libraria/atmega128uart.o
 .debug_abbrev  0x00000e3a      0x33a Libraria/function.o
 .debug_abbrev  0x00001174      0x1f2 Libraria/keypad.o
 .debug_abbrev  0x00001366      0x2ed Libraria/lcd.o
 .debug_abbrev  0x00001653      0x2bb Libraria/lfsm.o
 .debug_abbrev  0x0000190e      0x203 Libraria/znpid.o
 .debug_abbrev  0x00001b11      0x1e3 main.o

.debug_line     0x00000000     0x4071
 *(.debug_line .debug_line.* .debug_line_end)
 .debug_line    0x00000000      0x169 C:/Program Files (x86)/Atmel/Studio/7.0/Packs/atmel/ATmega_DFP/1.3.300/gcc/dev/atmega128/avr51/crtatmega128.o
 .debug_line    0x00000169      0x184 Libraria/74hc595.o
 .debug_line    0x000002ed      0x312 Libraria/atmega128analog.o
 .debug_line    0x000005ff      0xb86 Libraria/atmega128timer.o
 .debug_line    0x00001185      0x888 Libraria/atmega128uart.o
 .debug_line    0x00001a0d      0x8fb Libraria/function.o
 .debug_line    0x00002308      0x3fa Libraria/keypad.o
 .debug_line    0x00002702      0xbcb Libraria/lcd.o
 .debug_line    0x000032cd      0x70b Libraria/lfsm.o
 .debug_line    0x000039d8      0x248 Libraria/znpid.o
 .debug_line    0x00003c20      0x451 main.o

.debug_frame    0x00000000     0x1338
 *(.debug_frame)
 .debug_frame   0x00000000       0x88 Libraria/74hc595.o
 .debug_frame   0x00000088       0x90 Libraria/atmega128analog.o
 .debug_frame   0x00000118      0x344 Libraria/atmega128timer.o
 .debug_frame   0x0000045c      0x248 Libraria/atmega128uart.o
 .debug_frame   0x000006a4      0x4b4 Libraria/function.o
 .debug_frame   0x00000b58       0xc0 Libraria/keypad.o
 .debug_frame   0x00000c18      0x28c Libraria/lcd.o
 .debug_frame   0x00000ea4      0x278 Libraria/lfsm.o
 .debug_frame   0x0000111c      0x16c Libraria/znpid.o
 .debug_frame   0x00001288       0xb0 main.o

.debug_str      0x00000000     0x156a
 *(.debug_str)
 .debug_str     0x00000000      0x27d C:/Program Files (x86)/Atmel/Studio/7.0/Packs/atmel/ATmega_DFP/1.3.300/gcc/dev/atmega128/avr51/crtatmega128.o
 .debug_str     0x0000027d      0x1e7 Libraria/74hc595.o
                                0x236 (size before relaxing)
 .debug_str     0x00000464      0x11a Libraria/atmega128analog.o
                                0x2a1 (size before relaxing)
 .debug_str     0x0000057e      0x41e Libraria/atmega128timer.o
                                0x5ee (size before relaxing)
 .debug_str     0x0000099c      0x296 Libraria/atmega128uart.o
                                0x46a (size before relaxing)
 .debug_str     0x00000c32      0x2b6 Libraria/function.o
                                0x581 (size before relaxing)
 .debug_str     0x00000ee8      0x13a Libraria/keypad.o
                                0x2e0 (size before relaxing)
 .debug_str     0x00001022      0x1ec Libraria/lcd.o
                                0x406 (size before relaxing)
 .debug_str     0x0000120e      0x1e3 Libraria/lfsm.o
                                0x3f1 (size before relaxing)
 .debug_str     0x000013f1       0xe2 Libraria/znpid.o
                                0x287 (size before relaxing)
 .debug_str     0x000014d3       0x97 main.o
                                0x59d (size before relaxing)

.debug_loc      0x00000000     0x6970
 *(.debug_loc)
 .debug_loc     0x00000000      0x228 Libraria/74hc595.o
 .debug_loc     0x00000228      0x32d Libraria/atmega128analog.o
 .debug_loc     0x00000555      0x924 Libraria/atmega128timer.o
 .debug_loc     0x00000e79      0xd8b Libraria/atmega128uart.o
 .debug_loc     0x00001c04     0x1ad1 Libraria/function.o
 .debug_loc     0x000036d5      0x444 Libraria/keypad.o
 .debug_loc     0x00003b19     0x10ee Libraria/lcd.o
 .debug_loc     0x00004c07     0x1355 Libraria/lfsm.o
 .debug_loc     0x00005f5c      0x691 Libraria/znpid.o
 .debug_loc     0x000065ed      0x383 main.o

.debug_macinfo
 *(.debug_macinfo)

.debug_weaknames
 *(.debug_weaknames)

.debug_funcnames
 *(.debug_funcnames)

.debug_typenames
 *(.debug_typenames)

.debug_varnames
 *(.debug_varnames)

.debug_pubtypes
 *(.debug_pubtypes)

.debug_ranges   0x00000000      0x5d0
 *(.debug_ranges)
 .debug_ranges  0x00000000       0x28 Libraria/74hc595.o
 .debug_ranges  0x00000028       0x20 Libraria/atmega128analog.o
 .debug_ranges  0x00000048      0x148 Libraria/atmega128timer.o
 .debug_ranges  0x00000190       0xb8 Libraria/atmega128uart.o
 .debug_ranges  0x00000248      0x160 Libraria/function.o
 .debug_ranges  0x000003a8       0x40 Libraria/keypad.o
 .debug_ranges  0x000003e8       0xf0 Libraria/lcd.o
 .debug_ranges  0x000004d8       0x78 Libraria/lfsm.o
 .debug_ranges  0x00000550       0x60 Libraria/znpid.o
 .debug_ranges  0x000005b0       0x20 main.o

.debug_macro
 *(.debug_macro)
OUTPUT(Atmega128.elf elf32-avr)
LOAD linker stubs
