Archive member included to satisfy reference by file (symbol)

c:/program files (x86)/atmel/studio/7.0/toolchain/avr8/avr8-gnu-toolchain/bin/../lib/gcc/avr/5.4.0/../../../../avr/lib/avr51\libm.a(addsf3.o)
                              Libraria/function.o (__subsf3)
c:/program files (x86)/atmel/studio/7.0/toolchain/avr8/avr8-gnu-toolchain/bin/../lib/gcc/avr/5.4.0/../../../../avr/lib/avr51\libm.a(addsf3x.o)
                              c:/program files (x86)/atmel/studio/7.0/toolchain/avr8/avr8-gnu-toolchain/bin/../lib/gcc/avr/5.4.0/../../../../avr/lib/avr51\libm.a(addsf3.o) (__addsf3x)
c:/program files (x86)/atmel/studio/7.0/toolchain/avr8/avr8-gnu-toolchain/bin/../lib/gcc/avr/5.4.0/../../../../avr/lib/avr51\libm.a(cmpsf2.o)
                              Libraria/znpid.o (__ltsf2)
c:/program files (x86)/atmel/studio/7.0/toolchain/avr8/avr8-gnu-toolchain/bin/../lib/gcc/avr/5.4.0/../../../../avr/lib/avr51\libm.a(divsf3.o)
                              Libraria/znpid.o (__divsf3)
c:/program files (x86)/atmel/studio/7.0/toolchain/avr8/avr8-gnu-toolchain/bin/../lib/gcc/avr/5.4.0/../../../../avr/lib/avr51\libm.a(divsf3x.o)
                              c:/program files (x86)/atmel/studio/7.0/toolchain/avr8/avr8-gnu-toolchain/bin/../lib/gcc/avr/5.4.0/../../../../avr/lib/avr51\libm.a(divsf3.o) (__divsf3x)
c:/program files (x86)/atmel/studio/7.0/toolchain/avr8/avr8-gnu-toolchain/bin/../lib/gcc/avr/5.4.0/../../../../avr/lib/avr51\libm.a(fixsfsi.o)
                              Libraria/function.o (__fixsfsi)
c:/program files (x86)/atmel/studio/7.0/toolchain/avr8/avr8-gnu-toolchain/bin/../lib/gcc/avr/5.4.0/../../../../avr/lib/avr51\libm.a(fixunssfsi.o)
                              c:/program files (x86)/atmel/studio/7.0/toolchain/avr8/avr8-gnu-toolchain/bin/../lib/gcc/avr/5.4.0/../../../../avr/lib/avr51\libm.a(fixsfsi.o) (__fixunssfsi)
c:/program files (x86)/atmel/studio/7.0/toolchain/avr8/avr8-gnu-toolchain/bin/../lib/gcc/avr/5.4.0/../../../../avr/lib/avr51\libm.a(floatsisf.o)
                              Libraria/function.o (__floatunsisf)
c:/program files (x86)/atmel/studio/7.0/toolchain/avr8/avr8-gnu-toolchain/bin/../lib/gcc/avr/5.4.0/../../../../avr/lib/avr51\libm.a(fp_cmp.o)
                              c:/program files (x86)/atmel/studio/7.0/toolchain/avr8/avr8-gnu-toolchain/bin/../lib/gcc/avr/5.4.0/../../../../avr/lib/avr51\libm.a(cmpsf2.o) (__fp_cmp)
c:/program files (x86)/atmel/studio/7.0/toolchain/avr8/avr8-gnu-toolchain/bin/../lib/gcc/avr/5.4.0/../../../../avr/lib/avr51\libm.a(fp_inf.o)
                              c:/program files (x86)/atmel/studio/7.0/toolchain/avr8/avr8-gnu-toolchain/bin/../lib/gcc/avr/5.4.0/../../../../avr/lib/avr51\libm.a(addsf3x.o) (__fp_inf)
c:/program files (x86)/atmel/studio/7.0/toolchain/avr8/avr8-gnu-toolchain/bin/../lib/gcc/avr/5.4.0/../../../../avr/lib/avr51\libm.a(fp_nan.o)
                              c:/program files (x86)/atmel/studio/7.0/toolchain/avr8/avr8-gnu-toolchain/bin/../lib/gcc/avr/5.4.0/../../../../avr/lib/avr51\libm.a(addsf3x.o) (__fp_nan)
c:/program files (x86)/atmel/studio/7.0/toolchain/avr8/avr8-gnu-toolchain/bin/../lib/gcc/avr/5.4.0/../../../../avr/lib/avr51\libm.a(fp_pscA.o)
                              c:/program files (x86)/atmel/studio/7.0/toolchain/avr8/avr8-gnu-toolchain/bin/../lib/gcc/avr/5.4.0/../../../../avr/lib/avr51\libm.a(addsf3x.o) (__fp_pscA)
c:/program files (x86)/atmel/studio/7.0/toolchain/avr8/avr8-gnu-toolchain/bin/../lib/gcc/avr/5.4.0/../../../../avr/lib/avr51\libm.a(fp_pscB.o)
                              c:/program files (x86)/atmel/studio/7.0/toolchain/avr8/avr8-gnu-toolchain/bin/../lib/gcc/avr/5.4.0/../../../../avr/lib/avr51\libm.a(addsf3x.o) (__fp_pscB)
c:/program files (x86)/atmel/studio/7.0/toolchain/avr8/avr8-gnu-toolchain/bin/../lib/gcc/avr/5.4.0/../../../../avr/lib/avr51\libm.a(fp_round.o)
                              c:/program files (x86)/atmel/studio/7.0/toolchain/avr8/avr8-gnu-toolchain/bin/../lib/gcc/avr/5.4.0/../../../../avr/lib/avr51\libm.a(addsf3.o) (__fp_round)
c:/program files (x86)/atmel/studio/7.0/toolchain/avr8/avr8-gnu-toolchain/bin/../lib/gcc/avr/5.4.0/../../../../avr/lib/avr51\libm.a(fp_split3.o)
                              c:/program files (x86)/atmel/studio/7.0/toolchain/avr8/avr8-gnu-toolchain/bin/../lib/gcc/avr/5.4.0/../../../../avr/lib/avr51\libm.a(addsf3x.o) (__fp_split3)
c:/program files (x86)/atmel/studio/7.0/toolchain/avr8/avr8-gnu-toolchain/bin/../lib/gcc/avr/5.4.0/../../../../avr/lib/avr51\libm.a(fp_zero.o)
                              c:/program files (x86)/atmel/studio/7.0/toolchain/avr8/avr8-gnu-toolchain/bin/../lib/gcc/avr/5.4.0/../../../../avr/lib/avr51\libm.a(addsf3x.o) (__fp_zero)
c:/program files (x86)/atmel/studio/7.0/toolchain/avr8/avr8-gnu-toolchain/bin/../lib/gcc/avr/5.4.0/../../../../avr/lib/avr51\libm.a(gesf2.o)
                              Libraria/znpid.o (__gtsf2)
[...]
Memory Configuration

Name             Origin             Length             Attributes
text             0x00000000         0x00020000         xr
data             0x00800100         0x0000ff00         rw !x
eeprom           0x00810000         0x00010000         rw !x
fuse             0x00820000         0x00000003         rw !x
lock             0x00830000         0x00000400         rw !x
signature        0x00840000         0x00000400         rw !x
user_signatures  0x00850000         0x00000400         rw !x
*default*        0x00000000         0xffffffff

Linker script and memory map

Address of section .data set to 0x800100
LOAD C:/Program Files (x86)/Atmel/Studio/7.0/Packs/atmel/ATmega_DFP/1.3.300/gcc/dev/atmega128/avr51/crtatmega128.o
LOAD Libraria/74hc595.o
LOAD Libraria/atmega128analog.o
LOAD Libraria/atmega128i2c.o
LOAD Libraria/atmega128timer.o
LOAD Libraria/atmega128uart.o
LOAD Libraria/clock.o
LOAD Libraria/eeprom.o
LOAD Libraria/function.o
LOAD Libraria/keypad.o
LOAD Libraria/lcd.o
LOAD Libraria/lfsm.o
LOAD Libraria/mm74c923.o
LOAD Libraria/pcf8563rtc.o
LOAD Libraria/rotenc.o
LOAD Libraria/hx711.o
LOAD Libraria/znpid.o
LOAD main.o
START GROUP
LOAD c:/program files (x86)/atmel/studio/7.0/toolchain/avr8/avr8-gnu-toolchain/bin/../lib/gcc/avr/5.4.0/../../../../avr/lib/avr51\libm.a
END GROUP
START GROUP
LOAD c:/program files (x86)/atmel/studio/7.0/toolchain/avr8/avr8-gnu-toolchain/bin/../lib/gcc/avr/5.4.0/avr51\libgcc.a
LOAD c:/program files (x86)/atmel/studio/7.0/toolchain/avr8/avr8-gnu-toolchain/bin/../lib/gcc/avr/5.4.0/../../../../avr/lib/avr51\libm.a
LOAD c:/program files (x86)/atmel/studio/7.0/toolchain/avr8/avr8-gnu-toolchain/bin/../lib/gcc/avr/5.4.0/../../../../avr/lib/avr51\libc.a
LOAD C:/Program Files (x86)/Atmel/Studio/7.0/Packs/atmel/ATmega_DFP/1.3.300/gcc/dev/atmega128/avr51\libatmega128.a
END GROUP
                0x00000000                __TEXT_REGION_ORIGIN__ = DEFINED (__TEXT_REGION_ORIGIN__)?__TEXT_REGION_ORIGIN__:0x0
                0x00800100                __DATA_REGION_ORIGIN__ = DEFINED (__DATA_REGION_ORIGIN__)?__DATA_REGION_ORIGIN__:0x800100
                0x00020000                __TEXT_REGION_LENGTH__ = DEFINED (__TEXT_REGION_LENGTH__)?__TEXT_REGION_LENGTH__:0x20000
                0x0000ff00                __DATA_REGION_LENGTH__ = DEFINED (__DATA_REGION_LENGTH__)?__DATA_REGION_LENGTH__:0xff00
                0x00010000                __EEPROM_REGION_LENGTH__ = DEFINED (__EEPROM_REGION_LENGTH__)?__EEPROM_REGION_LENGTH__:0x10000
                [0x00000003]                __FUSE_REGION_LENGTH__ = DEFINED (__FUSE_REGION_LENGTH__)?__FUSE_REGION_LENGTH__:0x400
                0x00000400                __LOCK_REGION_LENGTH__ = DEFINED (__LOCK_REGION_LENGTH__)?__LOCK_REGION_LENGTH__:0x400
                0x00000400                __SIGNATURE_REGION_LENGTH__ = DEFINED (__SIGNATURE_REGION_LENGTH__)?__SIGNATURE_REGION_LENGTH__:0x400
                0x00000400                __USER_SIGNATURE_REGION_LENGTH__ = DEFINED (__USER_SIGNATURE_REGION_LENGTH__)?__USER_SIGNATURE_REGION_LENGTH__:0x400

.hash
 *(.hash)

.dynsym
 *(.dynsym)

.dynstr
 *(.dynstr)

.gnu.version
 *(.gnu.version)

.gnu.version_d
 *(.gnu.version_d)

.gnu.version_r
 *(.gnu.version_r)

.rel.init
 *(.rel.init)

.rela.init
 *(.rela.init)

.rel.text
 *(.rel.text)
 *(.rel.text.*)
 *(.rel.gnu.linkonce.t*)

.rela.text
 *(.rela.text)
 *(.rela.text.*)
 *(.rela.gnu.linkonce.t*)

.rel.fini
 *(.rel.fini)

.rela.fini
 *(.rela.fini)

.rel.rodata
 *(.rel.rodata)
 *(.rel.rodata.*)
 *(.rel.gnu.linkonce.r*)

.rela.rodata
 *(.rela.rodata)
 *(.rela.rodata.*)
 *(.rela.gnu.linkonce.r*)

.rel.data
 *(.rel.data)
 *(.rel.data.*)
 *(.rel.gnu.linkonce.d*)

.rela.data
 *(.rela.data)
 *(.rela.data.*)
 *(.rela.gnu.linkonce.d*)

.rel.ctors
 *(.rel.ctors)

.rela.ctors
 *(.rela.ctors)

.rel.dtors
 *(.rel.dtors)

.rela.dtors
 *(.rela.dtors)

.rel.got
 *(.rel.got)

.rela.got
 *(.rela.got)

.rel.bss
 *(.rel.bss)

.rela.bss
 *(.rela.bss)

.rel.plt
 *(.rel.plt)

.rela.plt
 *(.rela.plt)

.text           0x00000000     0x2918
 *(.vectors)
 .vectors       0x00000000       0x8c C:/Program Files (x86)/Atmel/Studio/7.0/Packs/atmel/ATmega_DFP/1.3.300/gcc/dev/atmega128/avr51/crtatmega128.o
                0x00000000                __vector_default
                0x00000000                __vectors
 *(.vectors)
 *(.progmem.gcc*)
 .progmem.gcc_sw_table.TIMER_COUNTER1enable
                0x0000008c       0x36 Libraria/atmega128timer.o
 .progmem.gcc_fplib
                0x000000c2       0x28 c:/program files (x86)/atmel/studio/7.0/toolchain/avr8/avr8-gnu-toolchain/bin/../lib/gcc/avr/5.4.0/../../../../avr/lib/avr51\libm.a(exp.o)
 .progmem.gcc_fplib
                0x000000ea       0x5a c:/program files (x86)/atmel/studio/7.0/toolchain/avr8/avr8-gnu-toolchain/bin/../lib/gcc/avr/5.4.0/../../../../avr/lib/avr51\libm.a(log.o)
                0x00000144                . = ALIGN (0x2)
                0x00000144                __trampolines_start = .
 *(.trampolines)
 .trampolines   0x00000144        0x0 linker stubs
 *(.trampolines*)
                0x00000144                __trampolines_end = .
 *libprintf_flt.a:*(.progmem.data)
 *libc.a:*(.progmem.data)
 *(.progmem*)
                0x00000144                . = ALIGN (0x2)
 *(.jumptables)
 *(.jumptables*)
 *(.lowtext)
 *(.lowtext*)
                0x00000144                __ctors_start = .
 *(.ctors)
                0x00000144                __ctors_end = .
                0x00000144                __dtors_start = .
 *(.dtors)
                0x00000144                __dtors_end = .
 SORT(*)(.ctors)
 SORT(*)(.dtors)
 *(.init0)
 .init0         0x00000144        0x0 C:/Program Files (x86)/Atmel/Studio/7.0/Packs/atmel/ATmega_DFP/1.3.300/gcc/dev/atmega128/avr51/crtatmega128.o
                0x00000144                __init
 *(.init0)
 *(.init1)
 *(.init1)
 *(.init2)
 .init2         0x00000144        0xc C:/Program Files (x86)/Atmel/Studio/7.0/Packs/atmel/ATmega_DFP/1.3.300/gcc/dev/atmega128/avr51/crtatmega128.o
 *(.init2)
 *(.init3)
 *(.init3)
 *(.init4)
 .init4         0x00000150       0x1a c:/program files (x86)/atmel/studio/7.0/toolchain/avr8/avr8-gnu-toolchain/bin/../lib/gcc/avr/5.4.0/avr51\libgcc.a(_copy_data.o)
                0x00000150                __do_copy_data
 .init4         0x0000016a       0x10 c:/program files (x86)/atmel/studio/7.0/toolchain/avr8/avr8-gnu-toolchain/bin/../lib/gcc/avr/5.4.0/avr51\libgcc.a(_clear_bss.o)
                0x0000016a                __do_clear_bss
 *(.init4)
 *(.init5)
 *(.init5)
 *(.init6)
 *(.init6)
 *(.init7)
 *(.init7)
 *(.init8)
 *(.init8)
 *(.init9)
 .init9         0x0000017a        0x8 C:/Program Files (x86)/Atmel/Studio/7.0/Packs/atmel/ATmega_DFP/1.3.300/gcc/dev/atmega128/avr51/crtatmega128.o
 *(.init9)
 *(.text)
 .text          0x00000182        0x2 C:/Program Files (x86)/Atmel/Studio/7.0/Packs/atmel/ATmega_DFP/1.3.300/gcc/dev/atmega128/avr51/crtatmega128.o
                0x00000182                __vector_22
                0x00000182                __vector_1
                0x00000182                __vector_32
                0x00000182                __vector_34
                0x00000182                __bad_interrupt
                0x00000182                __vector_6
                0x00000182                __vector_3
                0x00000182                __vector_23
                0x00000182                __vector_17
                0x00000182                __vector_7
                0x00000182                __vector_5
                0x00000182                __vector_33
                0x00000182                __vector_4
                0x00000182                __vector_9
                0x00000182                __vector_2
                0x00000182                __vector_8
                0x00000182                __vector_20
                0x00000184                . = ALIGN (0x2)
 *(.text.*)
 .text.__vector_21
                0x00000184      0x11c Libraria/atmega128analog.o
                0x00000184                __vector_21
 .text.TIMER_COUNTER0_start
                0x000002a0       0x8c Libraria/atmega128timer.o
                0x000002a0                TIMER_COUNTER0_start
 .text.TIMER_COUNTER0_compoutmode
                0x0000032c       0x36 Libraria/atmega128timer.o
                0x0000032c                TIMER_COUNTER0_compoutmode
 .text.TIMER_COUNTER0_compare
                0x00000362        0x4 Libraria/atmega128timer.o
                0x00000362                TIMER_COUNTER0_compare
 .text.TIMER_COUNTER0_stop
                0x00000366        0xe Libraria/atmega128timer.o
                0x00000366                TIMER_COUNTER0_stop
 .text.TIMER_COUNTER1_start
                0x00000374       0x8c Libraria/atmega128timer.o
                0x00000374                TIMER_COUNTER1_start
 .text.TIMER_COUNTER1_compoutmodeA
                0x00000400       0x30 Libraria/atmega128timer.o
                0x00000400                TIMER_COUNTER1_compoutmodeA
 .text.TIMER_COUNTER1_compoutmodeB
                0x00000430       0x30 Libraria/atmega128timer.o
                0x00000430                TIMER_COUNTER1_compoutmodeB
 .text.TIMER_COUNTER1_compoutmodeC
                0x00000460       0x30 Libraria/atmega128timer.o
                0x00000460                TIMER_COUNTER1_compoutmodeC
 .text.TIMER_COUNTER1_compareA
                0x00000490        0x6 Libraria/atmega128timer.o
                0x00000490                TIMER_COUNTER1_compareA
 .text.TIMER_COUNTER1_compareB
                0x00000496        0x6 Libraria/atmega128timer.o
                0x00000496                TIMER_COUNTER1_compareB
 .text.TIMER_COUNTER1_compareC
                0x0000049c        0xa Libraria/atmega128timer.o
                0x0000049c                TIMER_COUNTER1_compareC
 .text.TIMER_COUNTER1_stop
                0x000004a6       0x10 Libraria/atmega128timer.o
                0x000004a6                TIMER_COUNTER1_stop
 .text.TIMER_COUNTER0enable
                0x000004b6       0x88 Libraria/atmega128timer.o
                0x000004b6                TIMER_COUNTER0enable
 .text.TIMER_COUNTER1enable
                0x0000053e      0x1f4 Libraria/atmega128timer.o
                0x0000053e                TIMER_COUNTER1enable
 .text.__vector_16
                0x00000732       0x14 Libraria/atmega128timer.o
                0x00000732                __vector_16
 .text.__vector_11
                0x00000746       0x14 Libraria/atmega128timer.o
                0x00000746                __vector_11
 .text.__vector_12
                0x0000075a       0x14 Libraria/atmega128timer.o
                0x0000075a                __vector_12
 .text.__vector_13
                0x0000076e       0x14 Libraria/atmega128timer.o
                0x0000076e                __vector_13
 .text.__vector_24
                0x00000782       0x14 Libraria/atmega128timer.o
                0x00000782                __vector_24
 .text.__vector_14
                0x00000796       0x14 Libraria/atmega128timer.o
                0x00000796                __vector_14
 .text.__vector_10
                0x000007aa       0x14 Libraria/atmega128timer.o
                0x000007aa                __vector_10
 .text.__vector_25
                0x000007be       0x14 Libraria/atmega128timer.o
                0x000007be                __vector_25
 .text.__vector_26
                0x000007d2       0x14 Libraria/atmega128timer.o
                0x000007d2                __vector_26
 .text.__vector_27
                0x000007e6       0x14 Libraria/atmega128timer.o
                0x000007e6                __vector_27
 .text.__vector_28
                0x000007fa       0x14 Libraria/atmega128timer.o
                0x000007fa                __vector_28
 .text.__vector_29
                0x0000080e       0x14 Libraria/atmega128timer.o
                0x0000080e                __vector_29
 .text.__vector_18
                0x00000822       0x6c Libraria/atmega128uart.o
                0x00000822                __vector_18
 .text.__vector_19
                0x0000088e       0x52 Libraria/atmega128uart.o
                0x0000088e                __vector_19
 .text.__vector_30
                0x000008e0       0x72 Libraria/atmega128uart.o
                0x000008e0                __vector_30
 .text.__vector_31
                0x00000952       0x5c Libraria/atmega128uart.o
                0x00000952                __vector_31
 .text.EEPROMenable
                0x000009ae       0x66 Libraria/eeprom.o
                0x000009ae                EEPROMenable
 .text.FUNCpinmatch
                0x00000a14       0x14 Libraria/function.o
                0x00000a14                FUNCpinmatch
 .text.FUNChmerge
                0x00000a28        0x4 Libraria/function.o
                0x00000a28                FUNChmerge
 .text.FUNClmerge
                0x00000a2c        0x4 Libraria/function.o
                0x00000a2c                FUNClmerge
 .text.FUNChh   0x00000a30        0x4 Libraria/function.o
                0x00000a30                FUNChh
 .text.FUNCll   0x00000a34        0x6 Libraria/function.o
                0x00000a34                FUNCll
 .text.FUNClh   0x00000a3a        0x6 Libraria/function.o
                0x00000a3a                FUNClh
 .text.FUNChl   0x00000a40        0x6 Libraria/function.o
                0x00000a40                FUNChl
 .text.FUNCdiff
                0x00000a46        0x4 Libraria/function.o
                0x00000a46                FUNCdiff
 .text.FUNCswap
                0x00000a4a       0x42 Libraria/function.o
                0x00000a4a                FUNCswap
 .text.FUNCcopy
                0x00000a8c       0x1c Libraria/function.o
                0x00000a8c                FUNCcopy
 .text.FUNCsqueeze
                0x00000aa8       0x44 Libraria/function.o
                0x00000aa8                FUNCsqueeze
 .text.FUNCshellsort
                0x00000aec      0x14c Libraria/function.o
                0x00000aec                FUNCshellsort
 .text.FUNCpmax
                0x00000c38        0xa Libraria/function.o
                0x00000c38                FUNCpmax
 .text.FUNCgcd  0x00000c42       0x1e Libraria/function.o
                0x00000c42                FUNCgcd
 .text.FUNCstrToInt
                0x00000c60       0x48 Libraria/function.o
                0x00000c60                FUNCstrToInt
 .text.FUNCfilter
                0x00000ca8        0x4 Libraria/function.o
                0x00000ca8                FUNCfilter
 .text.FUNCticks
                0x00000cac       0x14 Libraria/function.o
                0x00000cac                FUNCticks
 .text.FUNCtwocomptoint8bit
                0x00000cc0       0x1a Libraria/function.o
                0x00000cc0                FUNCtwocomptoint8bit
 .text.FUNCtwocomptoint10bit
                0x00000cda       0x18 Libraria/function.o
                0x00000cda                FUNCtwocomptoint10bit
 .text.FUNCtwocomptointnbit
                0x00000cf2       0x30 Libraria/function.o
                0x00000cf2                FUNCtwocomptointnbit
 .text.FUNCdec2bcd
                0x00000d22       0x26 Libraria/function.o
                0x00000d22                FUNCdec2bcd
 .text.FUNCbcd2dec
                0x00000d48       0x16 Libraria/function.o
                0x00000d48                FUNCbcd2dec
 .text.FUNCresizestr
                0x00000d5e       0x5a Libraria/function.o
                0x00000d5e                FUNCresizestr
 .text.FUNCtrimmer
                0x00000db8       0x82 Libraria/function.o
                0x00000db8                FUNCtrimmer
 .text.Pwr      0x00000e3a       0x36 Libraria/function.o
                0x00000e3a                Pwr
 .text.StringLength
                0x00000e70       0x1e Libraria/function.o
                0x00000e70                StringLength
 .text.FUNCtrim
                0x00000e8e       0x36 Libraria/function.o
                0x00000e8e                FUNCtrim
 .text.Reverse  0x00000ec4       0x3a Libraria/function.o
                0x00000ec4                Reverse
 .text.FUNCi32toa
                0x00000efe       0xb6 Libraria/function.o
                0x00000efe                FUNCi32toa
 .text.FUNCi16toa
                0x00000fb4       0x72 Libraria/function.o
                0x00000fb4                FUNCi16toa
 .text.FUNCui16toa
                0x00001026       0x7c Libraria/function.o
                0x00001026                FUNCui16toa
 .text.FUNCbcd2bin
                0x000010a2       0x16 Libraria/function.o
                0x000010a2                FUNCbcd2bin
 .text.FUNCbin2bcd
                0x000010b8       0x42 Libraria/function.o
                0x000010b8                FUNCbin2bcd
 .text.FUNCgcd1
                0x000010fa       0xa0 Libraria/function.o
                0x000010fa                FUNCgcd1
 .text.FUNCpincheck
                0x0000119a       0x10 Libraria/function.o
                0x0000119a                FUNCpincheck
 .text.FUNCprint_binary
                0x000011aa       0x2c Libraria/function.o
                0x000011aa                FUNCprint_binary
 .text.FUNCmayia
                0x000011d6       0x46 Libraria/function.o
                0x000011d6                FUNCmayia
 .text.FUNCenable
                0x0000121c      0x15a Libraria/function.o
                0x0000121c                FUNCenable
 .text.FUNCreverse
                0x00001376       0x2e Libraria/function.o
                0x00001376                FUNCreverse
 .text.FUNCintToStr
                0x000013a4       0xd4 Libraria/function.o
                0x000013a4                FUNCintToStr
 .text.FUNCftoa
                0x00001478       0xc4 Libraria/function.o
                0x00001478                FUNCftoa
 .text.LCD0_write
                0x0000153c      0x188 Libraria/lcd.o
                0x0000153c                LCD0_write
 .text.LCD0_read
                0x000016c4       0xf6 Libraria/lcd.o
                0x000016c4                LCD0_read
 .text.LCD0_BF  0x000017ba       0x24 Libraria/lcd.o
                0x000017ba                LCD0_BF
 .text.LCD0_putch
                0x000017de        0xa Libraria/lcd.o
                0x000017de                LCD0_putch
 .text.LCD0_getch
                0x000017e8       0x12 Libraria/lcd.o
                0x000017e8                LCD0_getch
 .text.LCD0_string
                0x000017fa       0x22 Libraria/lcd.o
                0x000017fa                LCD0_string
 .text.LCD0_string_size
                0x0000181c       0x5e Libraria/lcd.o
                0x0000181c                LCD0_string_size
 .text.LCD0_hspace
                0x0000187a       0x1a Libraria/lcd.o
                0x0000187a                LCD0_hspace
 .text.LCD0_gotoxy
                0x00001894       0x4e Libraria/lcd.o
                0x00001894                LCD0_gotoxy
 .text.LCD0_clear
                0x000018e2       0x16 Libraria/lcd.o
                0x000018e2                LCD0_clear
 .text.LCD0_inic
                0x000018f8       0x8c Libraria/lcd.o
                0x000018f8                LCD0_inic
 .text.LCD0enable
                0x00001984       0xae Libraria/lcd.o
                0x00001984                LCD0enable
 .text.LCD0_reboot
                0x00001a32       0x30 Libraria/lcd.o
                0x00001a32                LCD0_reboot
 .text.HX711_set_readflag
                0x00001a62        0x8 Libraria/hx711.o
                0x00001a62                HX711_set_readflag
 .text.HX711_check_readflag
                0x00001a6a        0x6 Libraria/hx711.o
                0x00001a6a                HX711_check_readflag
 .text.HX711_read_bit
                0x00001a70       0x68 Libraria/hx711.o
                0x00001a70                HX711_read_bit
 .text.HX711_set_amplify
                0x00001ad8       0x36 Libraria/hx711.o
                0x00001ad8                HX711_set_amplify
 .text.HX711_raw_average
                0x00001b0e       0x84 Libraria/hx711.o
                0x00001b0e                HX711_raw_average
 .text.HX711_read_raw
                0x00001b92       0xec Libraria/hx711.o
                0x00001b92                HX711_read_raw
 .text.HX711enable
                0x00001c7e      0x10c Libraria/hx711.o
                0x00001c7e                HX711enable
 .text.main     0x00001d8a      0x218 main.o
                0x00001d8a                main
 .text.__vector_15
                0x00001fa2       0x78 main.o
                0x00001fa2                __vector_15
 .text.avr-libc.fplib
                0x0000201a        0xa c:/program files (x86)/atmel/studio/7.0/toolchain/avr8/avr8-gnu-toolchain/bin/../lib/gcc/avr/5.4.0/../../../../avr/lib/avr51\libm.a(addsf3.o)
                0x0000201a                __subsf3
                0x0000201c                __addsf3
 .text.avr-libc.fplib
                0x00002024       0xc0 c:/program files (x86)/atmel/studio/7.0/toolchain/avr8/avr8-gnu-toolchain/bin/../lib/gcc/avr/5.4.0/../../../../avr/lib/avr51\libm.a(addsf3x.o)
                0x0000203e                __addsf3x
 .text.avr-libc.fplib
                0x000020e4        0x8 c:/program files (x86)/atmel/studio/7.0/toolchain/avr8/avr8-gnu-toolchain/bin/../lib/gcc/avr/5.4.0/../../../../avr/lib/avr51\libm.a(cmpsf2.o)
                0x000020e4                __nesf2
                0x000020e4                __eqsf2
                0x000020e4                __cmpsf2
                0x000020e4                __ltsf2
                0x000020e4                __lesf2
 .text.avr-libc.fplib
                0x000020ec        0x4 c:/program files (x86)/atmel/studio/7.0/toolchain/avr8/avr8-gnu-toolchain/bin/../lib/gcc/avr/5.4.0/../../../../avr/lib/avr51\libm.a(divsf3.o)
                0x000020ec                __divsf3
 .text.avr-libc.fplib
                0x000020f0       0xcc c:/program files (x86)/atmel/studio/7.0/toolchain/avr8/avr8-gnu-toolchain/bin/../lib/gcc/avr/5.4.0/../../../../avr/lib/avr51\libm.a(divsf3x.o)
                0x00002106                __divsf3x
                0x0000210a                __divsf3_pse
 .text.avr-libc.fplib
                0x000021bc        0xa c:/program files (x86)/atmel/studio/7.0/toolchain/avr8/avr8-gnu-toolchain/bin/../lib/gcc/avr/5.4.0/../../../../avr/lib/avr51\libm.a(fixsfsi.o)
                0x000021bc                __fixsfsi
 .text.avr-libc.fplib
                0x000021c6       0x58 c:/program files (x86)/atmel/studio/7.0/toolchain/avr8/avr8-gnu-toolchain/bin/../lib/gcc/avr/5.4.0/../../../../avr/lib/avr51\libm.a(fixunssfsi.o)
                0x000021c6                __fixunssfsi
 .text.avr-libc.fplib
                0x0000221e       0x7a c:/program files (x86)/atmel/studio/7.0/toolchain/avr8/avr8-gnu-toolchain/bin/../lib/gcc/avr/5.4.0/../../../../avr/lib/avr51\libm.a(floatsisf.o)
                0x0000221e                __floatunsisf
                0x00002222                __floatsisf
 .text.avr-libc.fplib
                0x00002298       0x48 c:/program files (x86)/atmel/studio/7.0/toolchain/avr8/avr8-gnu-toolchain/bin/../lib/gcc/avr/5.4.0/../../../../avr/lib/avr51\libm.a(fp_cmp.o)
                0x00002298                __fp_cmp
 .text.avr-libc.fplib
                0x000022e0        0xc c:/program files (x86)/atmel/studio/7.0/toolchain/avr8/avr8-gnu-toolchain/bin/../lib/gcc/avr/5.4.0/../../../../avr/lib/avr51\libm.a(fp_inf.o)
                0x000022e0                __fp_inf
 .text.avr-libc.fplib
                0x000022ec        0x6 c:/program files (x86)/atmel/studio/7.0/toolchain/avr8/avr8-gnu-toolchain/bin/../lib/gcc/avr/5.4.0/../../../../avr/lib/avr51\libm.a(fp_nan.o)
                0x000022ec                __fp_nan
 .text.avr-libc.fplib
                0x000022f2        0xe c:/program files (x86)/atmel/studio/7.0/toolchain/avr8/avr8-gnu-toolchain/bin/../lib/gcc/avr/5.4.0/../../../../avr/lib/avr51\libm.a(fp_pscA.o)
                0x000022f2                __fp_pscA
 .text.avr-libc.fplib
                0x00002300        0xe c:/program files (x86)/atmel/studio/7.0/toolchain/avr8/avr8-gnu-toolchain/bin/../lib/gcc/avr/5.4.0/../../../../avr/lib/avr51\libm.a(fp_pscB.o)
                0x00002300                __fp_pscB
 .text.avr-libc.fplib
                0x0000230e       0x22 c:/program files (x86)/atmel/studio/7.0/toolchain/avr8/avr8-gnu-toolchain/bin/../lib/gcc/avr/5.4.0/../../../../avr/lib/avr51\libm.a(fp_round.o)
                0x0000230e                __fp_round
 .text.avr-libc.fplib
                0x00002330       0x44 c:/program files (x86)/atmel/studio/7.0/toolchain/avr8/avr8-gnu-toolchain/bin/../lib/gcc/avr/5.4.0/../../../../avr/lib/avr51\libm.a(fp_split3.o)
                0x00002330                __fp_split3
                0x00002340                __fp_splitA
 .text.avr-libc.fplib
                0x00002374        0xe c:/program files (x86)/atmel/studio/7.0/toolchain/avr8/avr8-gnu-toolchain/bin/../lib/gcc/avr/5.4.0/../../../../avr/lib/avr51\libm.a(fp_zero.o)
                0x00002374                __fp_zero
                0x00002376                __fp_szero
 .text.avr-libc.fplib
                0x00002382        0x8 c:/program files (x86)/atmel/studio/7.0/toolchain/avr8/avr8-gnu-toolchain/bin/../lib/gcc/avr/5.4.0/../../../../avr/lib/avr51\libm.a(gesf2.o)
                0x00002382                __gesf2
                0x00002382                __gtsf2
 .text.avr-libc.fplib
                0x0000238a        0x4 c:/program files (x86)/atmel/studio/7.0/toolchain/avr8/avr8-gnu-toolchain/bin/../lib/gcc/avr/5.4.0/../../../../avr/lib/avr51\libm.a(mulsf3.o)
                0x0000238a                __mulsf3
 .text.avr-libc.fplib
                0x0000238e       0xc2 c:/program files (x86)/atmel/studio/7.0/toolchain/avr8/avr8-gnu-toolchain/bin/../lib/gcc/avr/5.4.0/../../../../avr/lib/avr51\libm.a(mulsf3x.o)
                0x000023a2                __mulsf3x
                0x000023a6                __mulsf3_pse
 .text.avr-libc.fplib
                0x00002450       0x98 c:/program files (x86)/atmel/studio/7.0/toolchain/avr8/avr8-gnu-toolchain/bin/../lib/gcc/avr/5.4.0/../../../../avr/lib/avr51\libm.a(pow.o)
                0x00002450                pow
 .text.avr-libc.fplib
                0x000024e8       0x62 c:/program files (x86)/atmel/studio/7.0/toolchain/avr8/avr8-gnu-toolchain/bin/../lib/gcc/avr/5.4.0/../../../../avr/lib/avr51\libm.a(exp.o)
                0x000024f2                exp
 .text.avr-libc.fplib
                0x0000254a       0x4a c:/program files (x86)/atmel/studio/7.0/toolchain/avr8/avr8-gnu-toolchain/bin/../lib/gcc/avr/5.4.0/../../../../avr/lib/avr51\libm.a(fp_powser.o)
                0x0000254a                __fp_powser
 .text.avr-libc.fplib
                0x00002594        0xe c:/program files (x86)/atmel/studio/7.0/toolchain/avr8/avr8-gnu-toolchain/bin/../lib/gcc/avr/5.4.0/../../../../avr/lib/avr51\libm.a(inverse.o)
                0x00002594                inverse
 .text.avr-libc.fplib
                0x000025a2       0x6c c:/program files (x86)/atmel/studio/7.0/toolchain/avr8/avr8-gnu-toolchain/bin/../lib/gcc/avr/5.4.0/../../../../avr/lib/avr51\libm.a(ldexp.o)
                0x000025a6                ldexp
 .text.avr-libc.fplib
                0x0000260e       0x8a c:/program files (x86)/atmel/studio/7.0/toolchain/avr8/avr8-gnu-toolchain/bin/../lib/gcc/avr/5.4.0/../../../../avr/lib/avr51\libm.a(log.o)
                0x00002618                log
 .text.avr-libc.fplib
                0x00002698       0x66 c:/program files (x86)/atmel/studio/7.0/toolchain/avr8/avr8-gnu-toolchain/bin/../lib/gcc/avr/5.4.0/../../../../avr/lib/avr51\libm.a(modf.o)
                0x00002698                modf
                0x00002698                modff
 .text.avr-libc.fplib
                0x000026fe       0x1c c:/program files (x86)/atmel/studio/7.0/toolchain/avr8/avr8-gnu-toolchain/bin/../lib/gcc/avr/5.4.0/../../../../avr/lib/avr51\libm.a(fp_mpack.o)
                0x000026fe                __fp_mpack
                0x00002702                __fp_mpack_finite
 .text.libgcc.mul
                0x0000271a       0x1e c:/program files (x86)/atmel/studio/7.0/toolchain/avr8/avr8-gnu-toolchain/bin/../lib/gcc/avr/5.4.0/avr51\libgcc.a(_mulsi3.o)
                0x0000271a                __mulsi3
 .text.libgcc.div
                0x00002738       0x28 c:/program files (x86)/atmel/studio/7.0/toolchain/avr8/avr8-gnu-toolchain/bin/../lib/gcc/avr/5.4.0/avr51\libgcc.a(_udivmodhi4.o)
                0x00002738                __udivmodhi4
 .text.libgcc.div
                0x00002760       0x26 c:/program files (x86)/atmel/studio/7.0/toolchain/avr8/avr8-gnu-toolchain/bin/../lib/gcc/avr/5.4.0/avr51\libgcc.a(_divmodhi4.o)
                0x00002760                _div
                0x00002760                __divmodhi4
 .text.libgcc.div
                0x00002786       0x44 c:/program files (x86)/atmel/studio/7.0/toolchain/avr8/avr8-gnu-toolchain/bin/../lib/gcc/avr/5.4.0/avr51\libgcc.a(_udivmodsi4.o)
                0x00002786                __udivmodsi4
 .text.libgcc.div
                0x000027ca       0x28 c:/program files (x86)/atmel/studio/7.0/toolchain/avr8/avr8-gnu-toolchain/bin/../lib/gcc/avr/5.4.0/avr51\libgcc.a(_divmodsi4.o)
                0x000027ca                __divmodsi4
 .text.libgcc.div
                0x000027f2       0x10 c:/program files (x86)/atmel/studio/7.0/toolchain/avr8/avr8-gnu-toolchain/bin/../lib/gcc/avr/5.4.0/avr51\libgcc.a(_negsi2.o)
                0x000027f2                __negsi2
 .text.libgcc   0x00002802       0x12 c:/program files (x86)/atmel/studio/7.0/toolchain/avr8/avr8-gnu-toolchain/bin/../lib/gcc/avr/5.4.0/avr51\libgcc.a(_tablejump2.o)
                0x00002802                __tablejump2__
 .text.libgcc.mul
                0x00002814       0x1e c:/program files (x86)/atmel/studio/7.0/toolchain/avr8/avr8-gnu-toolchain/bin/../lib/gcc/avr/5.4.0/avr51\libgcc.a(_umulhisi3.o)
                0x00002814                __umulhisi3
 .text.libgcc.mul
                0x00002832       0x14 c:/program files (x86)/atmel/studio/7.0/toolchain/avr8/avr8-gnu-toolchain/bin/../lib/gcc/avr/5.4.0/avr51\libgcc.a(_muluhisi3.o)
                0x00002832                __muluhisi3
 .text.avr-libc
                0x00002846       0x20 C:/Program Files (x86)/Atmel/Studio/7.0/Packs/atmel/ATmega_DFP/1.3.300/gcc/dev/atmega128/avr51\libatmega128.a(eerd_block.o)
                0x00002846                eeprom_read_block
                0x0000284a                eeprom_read_blraw
 .text.avr-libc
                0x00002866       0x10 C:/Program Files (x86)/Atmel/Studio/7.0/Packs/atmel/ATmega_DFP/1.3.300/gcc/dev/atmega128/avr51\libatmega128.a(eerd_byte.o)
                0x00002866                eeprom_read_byte
 .text.avr-libc
                0x00002876        0xa C:/Program Files (x86)/Atmel/Studio/7.0/Packs/atmel/ATmega_DFP/1.3.300/gcc/dev/atmega128/avr51\libatmega128.a(eerd_word.o)
                0x00002876                eeprom_read_word
 .text.avr-libc
                0x00002880       0x1e C:/Program Files (x86)/Atmel/Studio/7.0/Packs/atmel/ATmega_DFP/1.3.300/gcc/dev/atmega128/avr51\libatmega128.a(eeupd_block.o)
                0x00002880                eeprom_update_block
 .text.avr-libc
                0x0000289e       0x22 C:/Program Files (x86)/Atmel/Studio/7.0/Packs/atmel/ATmega_DFP/1.3.300/gcc/dev/atmega128/avr51\libatmega128.a(eeupd_byte.o)
                0x0000289e                eeprom_update_byte
                0x000028a0                eeprom_update_r18
 .text.avr-libc
                0x000028c0       0x10 C:/Program Files (x86)/Atmel/Studio/7.0/Packs/atmel/ATmega_DFP/1.3.300/gcc/dev/atmega128/avr51\libatmega128.a(eeupd_dword.o)
                0x000028c0                eeprom_update_float
                0x000028c0                eeprom_update_dword
 .text.avr-libc
                0x000028d0        0x8 C:/Program Files (x86)/Atmel/Studio/7.0/Packs/atmel/ATmega_DFP/1.3.300/gcc/dev/atmega128/avr51\libatmega128.a(eeupd_word.o)
                0x000028d0                eeprom_update_word
 .text.avr-libc
                0x000028d8       0x12 C:/Program Files (x86)/Atmel/Studio/7.0/Packs/atmel/ATmega_DFP/1.3.300/gcc/dev/atmega128/avr51\libatmega128.a(eewr_block.o)
                0x000028d8                eeprom_write_block
 .text.avr-libc
                0x000028ea       0x1a C:/Program Files (x86)/Atmel/Studio/7.0/Packs/atmel/ATmega_DFP/1.3.300/gcc/dev/atmega128/avr51\libatmega128.a(eewr_byte.o)
                0x000028ea                eeprom_write_byte
                0x000028ec                eeprom_write_r18
 .text.avr-libc
                0x00002904        0xa C:/Program Files (x86)/Atmel/Studio/7.0/Packs/atmel/ATmega_DFP/1.3.300/gcc/dev/atmega128/avr51\libatmega128.a(eewr_dword.o)
                0x00002904                eeprom_write_dword
                0x00002904                eeprom_write_float
 .text.avr-libc
                0x0000290e        0x6 C:/Program Files (x86)/Atmel/Studio/7.0/Packs/atmel/ATmega_DFP/1.3.300/gcc/dev/atmega128/avr51\libatmega128.a(eewr_word.o)
                0x0000290e                eeprom_write_word
                0x00002914                . = ALIGN (0x2)
 *(.fini9)
 .fini9         0x00002914        0x0 c:/program files (x86)/atmel/studio/7.0/toolchain/avr8/avr8-gnu-toolchain/bin/../lib/gcc/avr/5.4.0/avr51\libgcc.a(_exit.o)
                0x00002914                _exit
                0x00002914                exit
 *(.fini9)
 *(.fini8)
 *(.fini8)
 *(.fini7)
 *(.fini7)
 *(.fini6)
 *(.fini6)
 *(.fini5)
 *(.fini5)
 *(.fini4)
 *(.fini4)
 *(.fini3)
 *(.fini3)
 *(.fini2)
 *(.fini2)
 *(.fini1)
 *(.fini1)
 *(.fini0)
 .fini0         0x00002914        0x4 c:/program files (x86)/atmel/studio/7.0/toolchain/avr8/avr8-gnu-toolchain/bin/../lib/gcc/avr/5.4.0/avr51\libgcc.a(_exit.o)
 *(.fini0)
                0x00002918                _etext = .

.data           0x00800100       0x10 load address 0x00002918
                0x00800100                PROVIDE (__data_start, .)
 *(.data)
 *(.data*)
 *(.gnu.linkonce.d*)
 *(.rodata)
 *(.rodata*)
 .rodata.str1.1
                0x00800100        0xf main.o
 *(.gnu.linkonce.r*)
                0x00800110                . = ALIGN (0x2)
 *fill*         0x0080010f        0x1 
                0x00800110                _edata = .
                0x00800110                PROVIDE (__data_end, .)

.bss            0x00800110      0x238
                0x00800110                PROVIDE (__bss_start, .)
 *(.bss)
 *(.bss*)
 .bss.adc_n_sample
                0x00800110        0x1 Libraria/atmega128analog.o
 .bss.adc_tmp   0x00800111        0x2 Libraria/atmega128analog.o
 .bss.adc_sample
                0x00800113        0x2 Libraria/atmega128analog.o
 .bss.ADC_SELECTOR
                0x00800115        0x2 Libraria/atmega128analog.o
 .bss.ADC_N_CHANNEL
                0x00800117        0x2 Libraria/atmega128analog.o
 .bss.ADC_CHANNEL_GAIN
                0x00800119       0x10 Libraria/atmega128analog.o
 .bss.ADC_VALUE
                0x00800129       0x10 Libraria/atmega128analog.o
 *(COMMON)
 COMMON         0x00800139        0x4 Libraria/atmega128timer.o
                0x00800139                timer1_state
                0x0080013a                timer3_state
                0x0080013b                timer2_state
                0x0080013c                timer0_state
 COMMON         0x0080013d      0x18d Libraria/atmega128uart.o
                0x0080013d                uart_msg
                0x0080017d                UART_TxHead
                0x0080017e                UART_LastRxError
                0x0080017f                UART1_TxTail
                0x00800180                UART1_RxBuf
                0x008001c0                uart1_index
                0x008001c2                UART_TxTail
                0x008001c3                UART1_RxHead
                0x008001c4                UART1_LastRxError
                0x008001c5                UART1_TxHead
                0x008001c6                uart1_msg
                0x00800206                uart_index
                0x00800207                UART1_TxBuf
                0x00800247                UART_TxBuf
                0x00800287                UART_RxHead
                0x00800288                UART_RxTail
                0x00800289                UART1_RxTail
                0x0080028a                UART_RxBuf
 COMMON         0x008002ca       0x15 Libraria/function.o
                0x008002ca                FUNCstr
 COMMON         0x008002df        0xe Libraria/lcd.o
                0x008002df                lcd0_PIN
                0x008002e1                lcd1_DDR
                0x008002e3                lcd1_detect
                0x008002e4                lcd1_PIN
                0x008002e6                lcd0_DDR
                0x008002e8                lcd0_detect
                0x008002e9                lcd0_PORT
                0x008002eb                lcd1_PORT
 COMMON         0x008002ed        0xa Libraria/hx711.o
                0x008002ed                hx711_datapin
                0x008002ee                hx711_PIN
                0x008002f0                hx711_PORT
                0x008002f2                ptr
                0x008002f4                hx711_clkpin
                0x008002f5                hx711_DDR
 COMMON         0x008002f7        0x4 Libraria/znpid.o
                0x008002f7                tmp
 COMMON         0x008002fb       0x4d main.o
                0x008002fb                result
                0x0080030f                hx
                0x00800348                PROVIDE (__bss_end, .)
                0x00002918                __data_load_start = LOADADDR (.data)
                0x00002928                __data_load_end = (__data_load_start + SIZEOF (.data))

.noinit         0x00800348        0x0
                [!provide]                PROVIDE (__noinit_start, .)
 *(.noinit*)
                [!provide]                PROVIDE (__noinit_end, .)
                0x00800348                _end = .
                [!provide]                PROVIDE (__heap_start, .)

.eeprom         0x00810000        0x0
 *(.eeprom*)
                0x00810000                __eeprom_end = .

.fuse
 *(.fuse)
 *(.lfuse)
 *(.hfuse)
 *(.efuse)

.lock
 *(.lock*)

.signature
 *(.signature*)

.user_signatures
 *(.user_signatures*)

.stab
 *(.stab)

.stabstr
 *(.stabstr)

.stab.excl
 *(.stab.excl)

.stab.exclstr
 *(.stab.exclstr)

.stab.index
 *(.stab.index)

.stab.indexstr
 *(.stab.indexstr)

.comment        0x00000000       0x30
 *(.comment)
 .comment       0x00000000       0x30 Libraria/atmega128analog.o
                                 0x31 (size before relaxing)
 .comment       0x00000030       0x31 Libraria/atmega128timer.o
 .comment       0x00000030       0x31 Libraria/atmega128uart.o
 .comment       0x00000030       0x31 Libraria/eeprom.o
 .comment       0x00000030       0x31 Libraria/function.o
 .comment       0x00000030       0x31 Libraria/lcd.o
 .comment       0x00000030       0x31 Libraria/hx711.o
 .comment       0x00000030       0x31 Libraria/znpid.o
 .comment       0x00000030       0x31 main.o

.note.gnu.avr.deviceinfo
                0x00000000       0x3c
 .note.gnu.avr.deviceinfo
                0x00000000       0x3c C:/Program Files (x86)/Atmel/Studio/7.0/Packs/atmel/ATmega_DFP/1.3.300/gcc/dev/atmega128/avr51/crtatmega128.o

.note.gnu.build-id
 *(.note.gnu.build-id)

.debug
 *(.debug)

.line
 *(.line)

.debug_srcinfo
 *(.debug_srcinfo)

.debug_sfnames
 *(.debug_sfnames)

.debug_aranges  0x00000000      0x740
 *(.debug_aranges)
 .debug_aranges
                0x00000000       0x30 Libraria/atmega128analog.o
 .debug_aranges
                0x00000030      0x158 Libraria/atmega128timer.o
 .debug_aranges
                0x00000188       0xc8 Libraria/atmega128uart.o
 .debug_aranges
                0x00000250       0x20 Libraria/eeprom.o
 .debug_aranges
                0x00000270      0x170 Libraria/function.o
 .debug_aranges
                0x000003e0      0x100 Libraria/lcd.o
 .debug_aranges
                0x000004e0       0x60 Libraria/hx711.o
 .debug_aranges
                0x00000540       0x70 Libraria/znpid.o
 .debug_aranges
                0x000005b0       0x30 main.o
 .debug_aranges
                0x000005e0       0x20 C:/Program Files (x86)/Atmel/Studio/7.0/Packs/atmel/ATmega_DFP/1.3.300/gcc/dev/atmega128/avr51\libatmega128.a(eerd_block.o)
 .debug_aranges
                0x00000600       0x20 C:/Program Files (x86)/Atmel/Studio/7.0/Packs/atmel/ATmega_DFP/1.3.300/gcc/dev/atmega128/avr51\libatmega128.a(eerd_byte.o)
 .debug_aranges
                0x00000620       0x20 C:/Program Files (x86)/Atmel/Studio/7.0/Packs/atmel/ATmega_DFP/1.3.300/gcc/dev/atmega128/avr51\libatmega128.a(eerd_word.o)
 .debug_aranges
                0x00000640       0x20 C:/Program Files (x86)/Atmel/Studio/7.0/Packs/atmel/ATmega_DFP/1.3.300/gcc/dev/atmega128/avr51\libatmega128.a(eeupd_block.o)
 .debug_aranges
                0x00000660       0x20 C:/Program Files (x86)/Atmel/Studio/7.0/Packs/atmel/ATmega_DFP/1.3.300/gcc/dev/atmega128/avr51\libatmega128.a(eeupd_byte.o)
 .debug_aranges
                0x00000680       0x20 C:/Program Files (x86)/Atmel/Studio/7.0/Packs/atmel/ATmega_DFP/1.3.300/gcc/dev/atmega128/avr51\libatmega128.a(eeupd_dword.o)
 .debug_aranges
                0x000006a0       0x20 C:/Program Files (x86)/Atmel/Studio/7.0/Packs/atmel/ATmega_DFP/1.3.300/gcc/dev/atmega128/avr51\libatmega128.a(eeupd_word.o)
 .debug_aranges
                0x000006c0       0x20 C:/Program Files (x86)/Atmel/Studio/7.0/Packs/atmel/ATmega_DFP/1.3.300/gcc/dev/atmega128/avr51\libatmega128.a(eewr_block.o)
 .debug_aranges
                0x000006e0       0x20 C:/Program Files (x86)/Atmel/Studio/7.0/Packs/atmel/ATmega_DFP/1.3.300/gcc/dev/atmega128/avr51\libatmega128.a(eewr_byte.o)
 .debug_aranges
                0x00000700       0x20 C:/Program Files (x86)/Atmel/Studio/7.0/Packs/atmel/ATmega_DFP/1.3.300/gcc/dev/atmega128/avr51\libatmega128.a(eewr_dword.o)
 .debug_aranges
                0x00000720       0x20 C:/Program Files (x86)/Atmel/Studio/7.0/Packs/atmel/ATmega_DFP/1.3.300/gcc/dev/atmega128/avr51\libatmega128.a(eewr_word.o)

.debug_pubnames
 *(.debug_pubnames)

.debug_info     0x00000000     0x692c
 *(.debug_info .gnu.linkonce.wi.*)
 .debug_info    0x00000000      0x780 C:/Program Files (x86)/Atmel/Studio/7.0/Packs/atmel/ATmega_DFP/1.3.300/gcc/dev/atmega128/avr51/crtatmega128.o
 .debug_info    0x00000780      0x26e Libraria/atmega128analog.o
 .debug_info    0x000009ee      0x924 Libraria/atmega128timer.o
 .debug_info    0x00001312      0x8cc Libraria/atmega128uart.o
 .debug_info    0x00001bde      0x2de Libraria/eeprom.o
 .debug_info    0x00001ebc     0x141e Libraria/function.o
 .debug_info    0x000032da     0x11bc Libraria/lcd.o
 .debug_info    0x00004496      0x640 Libraria/hx711.o
 .debug_info    0x00004ad6      0x630 Libraria/znpid.o
 .debug_info    0x00005106     0x117f main.o
 .debug_info    0x00006285       0x9b C:/Program Files (x86)/Atmel/Studio/7.0/Packs/atmel/ATmega_DFP/1.3.300/gcc/dev/atmega128/avr51\libatmega128.a(eerd_block.o)
 .debug_info    0x00006320       0x9a C:/Program Files (x86)/Atmel/Studio/7.0/Packs/atmel/ATmega_DFP/1.3.300/gcc/dev/atmega128/avr51\libatmega128.a(eerd_byte.o)
 .debug_info    0x000063ba       0x9a C:/Program Files (x86)/Atmel/Studio/7.0/Packs/atmel/ATmega_DFP/1.3.300/gcc/dev/atmega128/avr51\libatmega128.a(eerd_word.o)
 .debug_info    0x00006454       0x9c C:/Program Files (x86)/Atmel/Studio/7.0/Packs/atmel/ATmega_DFP/1.3.300/gcc/dev/atmega128/avr51\libatmega128.a(eeupd_block.o)
 .debug_info    0x000064f0       0x9b C:/Program Files (x86)/Atmel/Studio/7.0/Packs/atmel/ATmega_DFP/1.3.300/gcc/dev/atmega128/avr51\libatmega128.a(eeupd_byte.o)
 .debug_info    0x0000658b       0x9c C:/Program Files (x86)/Atmel/Studio/7.0/Packs/atmel/ATmega_DFP/1.3.300/gcc/dev/atmega128/avr51\libatmega128.a(eeupd_dword.o)
 .debug_info    0x00006627       0x9b C:/Program Files (x86)/Atmel/Studio/7.0/Packs/atmel/ATmega_DFP/1.3.300/gcc/dev/atmega128/avr51\libatmega128.a(eeupd_word.o)
 .debug_info    0x000066c2       0x9b C:/Program Files (x86)/Atmel/Studio/7.0/Packs/atmel/ATmega_DFP/1.3.300/gcc/dev/atmega128/avr51\libatmega128.a(eewr_block.o)
 .debug_info    0x0000675d       0x9a C:/Program Files (x86)/Atmel/Studio/7.0/Packs/atmel/ATmega_DFP/1.3.300/gcc/dev/atmega128/avr51\libatmega128.a(eewr_byte.o)
 .debug_info    0x000067f7       0x9b C:/Program Files (x86)/Atmel/Studio/7.0/Packs/atmel/ATmega_DFP/1.3.300/gcc/dev/atmega128/avr51\libatmega128.a(eewr_dword.o)
 .debug_info    0x00006892       0x9a C:/Program Files (x86)/Atmel/Studio/7.0/Packs/atmel/ATmega_DFP/1.3.300/gcc/dev/atmega128/avr51\libatmega128.a(eewr_word.o)

.debug_abbrev   0x00000000     0x1a60
 *(.debug_abbrev)
 .debug_abbrev  0x00000000      0x718 C:/Program Files (x86)/Atmel/Studio/7.0/Packs/atmel/ATmega_DFP/1.3.300/gcc/dev/atmega128/avr51/crtatmega128.o
 .debug_abbrev  0x00000718      0x136 Libraria/atmega128analog.o
 .debug_abbrev  0x0000084e      0x189 Libraria/atmega128timer.o
 .debug_abbrev  0x000009d7      0x309 Libraria/atmega128uart.o
 .debug_abbrev  0x00000ce0       0xb5 Libraria/eeprom.o
 .debug_abbrev  0x00000d95      0x33c Libraria/function.o
 .debug_abbrev  0x000010d1      0x2ed Libraria/lcd.o
 .debug_abbrev  0x000013be      0x205 Libraria/hx711.o
 .debug_abbrev  0x000015c3      0x1ee Libraria/znpid.o
 .debug_abbrev  0x000017b1      0x1d3 main.o
 .debug_abbrev  0x00001984       0x14 C:/Program Files (x86)/Atmel/Studio/7.0/Packs/atmel/ATmega_DFP/1.3.300/gcc/dev/atmega128/avr51\libatmega128.a(eerd_block.o)
 .debug_abbrev  0x00001998       0x14 C:/Program Files (x86)/Atmel/Studio/7.0/Packs/atmel/ATmega_DFP/1.3.300/gcc/dev/atmega128/avr51\libatmega128.a(eerd_byte.o)
 .debug_abbrev  0x000019ac       0x14 C:/Program Files (x86)/Atmel/Studio/7.0/Packs/atmel/ATmega_DFP/1.3.300/gcc/dev/atmega128/avr51\libatmega128.a(eerd_word.o)
 .debug_abbrev  0x000019c0       0x14 C:/Program Files (x86)/Atmel/Studio/7.0/Packs/atmel/ATmega_DFP/1.3.300/gcc/dev/atmega128/avr51\libatmega128.a(eeupd_block.o)
 .debug_abbrev  0x000019d4       0x14 C:/Program Files (x86)/Atmel/Studio/7.0/Packs/atmel/ATmega_DFP/1.3.300/gcc/dev/atmega128/avr51\libatmega128.a(eeupd_byte.o)
 .debug_abbrev  0x000019e8       0x14 C:/Program Files (x86)/Atmel/Studio/7.0/Packs/atmel/ATmega_DFP/1.3.300/gcc/dev/atmega128/avr51\libatmega128.a(eeupd_dword.o)
 .debug_abbrev  0x000019fc       0x14 C:/Program Files (x86)/Atmel/Studio/7.0/Packs/atmel/ATmega_DFP/1.3.300/gcc/dev/atmega128/avr51\libatmega128.a(eeupd_word.o)
 .debug_abbrev  0x00001a10       0x14 C:/Program Files (x86)/Atmel/Studio/7.0/Packs/atmel/ATmega_DFP/1.3.300/gcc/dev/atmega128/avr51\libatmega128.a(eewr_block.o)
 .debug_abbrev  0x00001a24       0x14 C:/Program Files (x86)/Atmel/Studio/7.0/Packs/atmel/ATmega_DFP/1.3.300/gcc/dev/atmega128/avr51\libatmega128.a(eewr_byte.o)
 .debug_abbrev  0x00001a38       0x14 C:/Program Files (x86)/Atmel/Studio/7.0/Packs/atmel/ATmega_DFP/1.3.300/gcc/dev/atmega128/avr51\libatmega128.a(eewr_dword.o)
 .debug_abbrev  0x00001a4c       0x14 C:/Program Files (x86)/Atmel/Studio/7.0/Packs/atmel/ATmega_DFP/1.3.300/gcc/dev/atmega128/avr51\libatmega128.a(eewr_word.o)

.debug_line     0x00000000     0x3c95
 *(.debug_line .debug_line.* .debug_line_end)
 .debug_line    0x00000000      0x169 C:/Program Files (x86)/Atmel/Studio/7.0/Packs/atmel/ATmega_DFP/1.3.300/gcc/dev/atmega128/avr51/crtatmega128.o
 .debug_line    0x00000169      0x312 Libraria/atmega128analog.o
 .debug_line    0x0000047b      0xc2e Libraria/atmega128timer.o
 .debug_line    0x000010a9      0x888 Libraria/atmega128uart.o
 .debug_line    0x00001931      0x12c Libraria/eeprom.o
 .debug_line    0x00001a5d      0x923 Libraria/function.o
 .debug_line    0x00002380      0xbef Libraria/lcd.o
 .debug_line    0x00002f6f      0x304 Libraria/hx711.o
 .debug_line    0x00003273      0x248 Libraria/znpid.o
 .debug_line    0x000034bb      0x241 main.o
 .debug_line    0x000036fc       0xab C:/Program Files (x86)/Atmel/Studio/7.0/Packs/atmel/ATmega_DFP/1.3.300/gcc/dev/atmega128/avr51\libatmega128.a(eerd_block.o)
 .debug_line    0x000037a7       0x7a C:/Program Files (x86)/Atmel/Studio/7.0/Packs/atmel/ATmega_DFP/1.3.300/gcc/dev/atmega128/avr51\libatmega128.a(eerd_byte.o)
 .debug_line    0x00003821       0x67 C:/Program Files (x86)/Atmel/Studio/7.0/Packs/atmel/ATmega_DFP/1.3.300/gcc/dev/atmega128/avr51\libatmega128.a(eerd_word.o)
 .debug_line    0x00003888       0xa5 C:/Program Files (x86)/Atmel/Studio/7.0/Packs/atmel/ATmega_DFP/1.3.300/gcc/dev/atmega128/avr51\libatmega128.a(eeupd_block.o)
 .debug_line    0x0000392d       0xb0 C:/Program Files (x86)/Atmel/Studio/7.0/Packs/atmel/ATmega_DFP/1.3.300/gcc/dev/atmega128/avr51\libatmega128.a(eeupd_byte.o)
 .debug_line    0x000039dd       0x7b C:/Program Files (x86)/Atmel/Studio/7.0/Packs/atmel/ATmega_DFP/1.3.300/gcc/dev/atmega128/avr51\libatmega128.a(eeupd_dword.o)
 .debug_line    0x00003a58       0x62 C:/Program Files (x86)/Atmel/Studio/7.0/Packs/atmel/ATmega_DFP/1.3.300/gcc/dev/atmega128/avr51\libatmega128.a(eeupd_word.o)
 .debug_line    0x00003aba       0x80 C:/Program Files (x86)/Atmel/Studio/7.0/Packs/atmel/ATmega_DFP/1.3.300/gcc/dev/atmega128/avr51\libatmega128.a(eewr_block.o)
 .debug_line    0x00003b3a       0x98 C:/Program Files (x86)/Atmel/Studio/7.0/Packs/atmel/ATmega_DFP/1.3.300/gcc/dev/atmega128/avr51\libatmega128.a(eewr_byte.o)
 .debug_line    0x00003bd2       0x68 C:/Program Files (x86)/Atmel/Studio/7.0/Packs/atmel/ATmega_DFP/1.3.300/gcc/dev/atmega128/avr51\libatmega128.a(eewr_dword.o)
 .debug_line    0x00003c3a       0x5b C:/Program Files (x86)/Atmel/Studio/7.0/Packs/atmel/ATmega_DFP/1.3.300/gcc/dev/atmega128/avr51\libatmega128.a(eewr_word.o)

.debug_frame    0x00000000     0x1090
 *(.debug_frame)
 .debug_frame   0x00000000       0x90 Libraria/atmega128analog.o
 .debug_frame   0x00000090      0x344 Libraria/atmega128timer.o
 .debug_frame   0x000003d4      0x248 Libraria/atmega128uart.o
 .debug_frame   0x0000061c       0x24 Libraria/eeprom.o
 .debug_frame   0x00000640      0x4d4 Libraria/function.o
 .debug_frame   0x00000b14      0x294 Libraria/lcd.o
 .debug_frame   0x00000da8       0xd8 Libraria/hx711.o
 .debug_frame   0x00000e80      0x16c Libraria/znpid.o
 .debug_frame   0x00000fec       0xa4 main.o

.debug_str      0x00000000     0x146d
 *(.debug_str)
 .debug_str     0x00000000      0x27d C:/Program Files (x86)/Atmel/Studio/7.0/Packs/atmel/ATmega_DFP/1.3.300/gcc/dev/atmega128/avr51/crtatmega128.o
 .debug_str     0x0000027d      0x25b Libraria/atmega128analog.o
                                0x2a1 (size before relaxing)
 .debug_str     0x000004d8      0x41e Libraria/atmega128timer.o
                                0x5ee (size before relaxing)
 .debug_str     0x000008f6      0x29b Libraria/atmega128uart.o
                                0x46a (size before relaxing)
 .debug_str     0x00000b91       0xe4 Libraria/eeprom.o
                                0x26b (size before relaxing)
 .debug_str     0x00000c75      0x2bd Libraria/function.o
                                0x590 (size before relaxing)
 .debug_str     0x00000f32      0x1ec Libraria/lcd.o
                                0x406 (size before relaxing)
 .debug_str     0x0000111e      0x209 Libraria/hx711.o
                                0x40f (size before relaxing)
 .debug_str     0x00001327       0xff Libraria/znpid.o
                                0x2bd (size before relaxing)
 .debug_str     0x00001426       0x47 main.o
                                0x6a1 (size before relaxing)

.debug_loc      0x00000000     0x531b
 *(.debug_loc)
 .debug_loc     0x00000000      0x32d Libraria/atmega128analog.o
 .debug_loc     0x0000032d      0x924 Libraria/atmega128timer.o
 .debug_loc     0x00000c51      0xd8b Libraria/atmega128uart.o
 .debug_loc     0x000019dc     0x1b81 Libraria/function.o
 .debug_loc     0x0000355d     0x1128 Libraria/lcd.o
 .debug_loc     0x00004685      0x3de Libraria/hx711.o
 .debug_loc     0x00004a63      0x691 Libraria/znpid.o
 .debug_loc     0x000050f4      0x227 main.o

.debug_macinfo
 *(.debug_macinfo)

.debug_weaknames
 *(.debug_weaknames)

.debug_funcnames
 *(.debug_funcnames)

.debug_typenames
 *(.debug_typenames)

.debug_varnames
 *(.debug_varnames)

.debug_pubtypes
 *(.debug_pubtypes)

.debug_ranges   0x00000000      0x550
 *(.debug_ranges)
 .debug_ranges  0x00000000       0x20 Libraria/atmega128analog.o
 .debug_ranges  0x00000020      0x148 Libraria/atmega128timer.o
 .debug_ranges  0x00000168       0xb8 Libraria/atmega128uart.o
 .debug_ranges  0x00000220       0x10 Libraria/eeprom.o
 .debug_ranges  0x00000230      0x160 Libraria/function.o
 .debug_ranges  0x00000390       0xf0 Libraria/lcd.o
 .debug_ranges  0x00000480       0x50 Libraria/hx711.o
 .debug_ranges  0x000004d0       0x60 Libraria/znpid.o
 .debug_ranges  0x00000530       0x20 main.o

.debug_macro
 *(.debug_macro)
OUTPUT(Atmega128.elf elf32-avr)
LOAD linker stubs
